Archive member included to satisfy reference by file (symbol)

/home/jeff/gcc-arm-none-eabi-10.3-2021.07/bin/../lib/gcc/arm-none-eabi/10.3.1/../../../../arm-none-eabi/lib/thumb/v7e-m+fp/hard/libc_nano.a(lib_a-ctype_.o)
                              _build/nrf52840_xxaa/nrf_log_str_formatter.c.o (_ctype_)
/home/jeff/gcc-arm-none-eabi-10.3-2021.07/bin/../lib/gcc/arm-none-eabi/10.3.1/../../../../arm-none-eabi/lib/thumb/v7e-m+fp/hard/libc_nano.a(lib_a-exit.o)
                              /home/jeff/gcc-arm-none-eabi-10.3-2021.07/bin/../lib/gcc/arm-none-eabi/10.3.1/../../../../arm-none-eabi/lib/thumb/v7e-m+fp/hard/crt0.o (exit)
/home/jeff/gcc-arm-none-eabi-10.3-2021.07/bin/../lib/gcc/arm-none-eabi/10.3.1/../../../../arm-none-eabi/lib/thumb/v7e-m+fp/hard/libc_nano.a(lib_a-impure.o)
                              /home/jeff/gcc-arm-none-eabi-10.3-2021.07/bin/../lib/gcc/arm-none-eabi/10.3.1/../../../../arm-none-eabi/lib/thumb/v7e-m+fp/hard/libc_nano.a(lib_a-exit.o) (_global_impure_ptr)
/home/jeff/gcc-arm-none-eabi-10.3-2021.07/bin/../lib/gcc/arm-none-eabi/10.3.1/../../../../arm-none-eabi/lib/thumb/v7e-m+fp/hard/libc_nano.a(lib_a-init.o)
                              /home/jeff/gcc-arm-none-eabi-10.3-2021.07/bin/../lib/gcc/arm-none-eabi/10.3.1/../../../../arm-none-eabi/lib/thumb/v7e-m+fp/hard/crt0.o (__libc_init_array)
/home/jeff/gcc-arm-none-eabi-10.3-2021.07/bin/../lib/gcc/arm-none-eabi/10.3.1/../../../../arm-none-eabi/lib/thumb/v7e-m+fp/hard/libc_nano.a(lib_a-memcmp.o)
                              _build/nrf52840_xxaa/ble_advdata.c.o (memcmp)
/home/jeff/gcc-arm-none-eabi-10.3-2021.07/bin/../lib/gcc/arm-none-eabi/10.3.1/../../../../arm-none-eabi/lib/thumb/v7e-m+fp/hard/libc_nano.a(lib_a-memcpy-stub.o)
                              _build/nrf52840_xxaa/nrf_log_frontend.c.o (memcpy)
/home/jeff/gcc-arm-none-eabi-10.3-2021.07/bin/../lib/gcc/arm-none-eabi/10.3.1/../../../../arm-none-eabi/lib/thumb/v7e-m+fp/hard/libc_nano.a(lib_a-memset.o)
                              /home/jeff/gcc-arm-none-eabi-10.3-2021.07/bin/../lib/gcc/arm-none-eabi/10.3.1/../../../../arm-none-eabi/lib/thumb/v7e-m+fp/hard/crt0.o (memset)
/home/jeff/gcc-arm-none-eabi-10.3-2021.07/bin/../lib/gcc/arm-none-eabi/10.3.1/../../../../arm-none-eabi/lib/thumb/v7e-m+fp/hard/libc_nano.a(lib_a-strcpy.o)
                              _build/nrf52840_xxaa/SEGGER_RTT.c.o (strcpy)
/home/jeff/gcc-arm-none-eabi-10.3-2021.07/bin/../lib/gcc/arm-none-eabi/10.3.1/../../../../arm-none-eabi/lib/thumb/v7e-m+fp/hard/libc_nano.a(lib_a-strlen.o)
                              _build/nrf52840_xxaa/nrf_log_frontend.c.o (strlen)
/home/jeff/gcc-arm-none-eabi-10.3-2021.07/bin/../lib/gcc/arm-none-eabi/10.3.1/../../../../arm-none-eabi/lib/thumb/v7e-m+fp/hard/libnosys.a(_exit.o)
                              /home/jeff/gcc-arm-none-eabi-10.3-2021.07/bin/../lib/gcc/arm-none-eabi/10.3.1/../../../../arm-none-eabi/lib/thumb/v7e-m+fp/hard/libc_nano.a(lib_a-exit.o) (_exit)

Discarded input sections

 .text          0x0000000000000000        0x0 /home/jeff/gcc-arm-none-eabi-10.3-2021.07/bin/../lib/gcc/arm-none-eabi/10.3.1/thumb/v7e-m+fp/hard/crti.o
 .data          0x0000000000000000        0x0 /home/jeff/gcc-arm-none-eabi-10.3-2021.07/bin/../lib/gcc/arm-none-eabi/10.3.1/thumb/v7e-m+fp/hard/crti.o
 .bss           0x0000000000000000        0x0 /home/jeff/gcc-arm-none-eabi-10.3-2021.07/bin/../lib/gcc/arm-none-eabi/10.3.1/thumb/v7e-m+fp/hard/crti.o
 .data          0x0000000000000000        0x4 /home/jeff/gcc-arm-none-eabi-10.3-2021.07/bin/../lib/gcc/arm-none-eabi/10.3.1/thumb/v7e-m+fp/hard/crtbegin.o
 .rodata        0x0000000000000000       0x24 /home/jeff/gcc-arm-none-eabi-10.3-2021.07/bin/../lib/gcc/arm-none-eabi/10.3.1/thumb/v7e-m+fp/hard/crtbegin.o
 .data          0x0000000000000000        0x0 /home/jeff/gcc-arm-none-eabi-10.3-2021.07/bin/../lib/gcc/arm-none-eabi/10.3.1/../../../../arm-none-eabi/lib/thumb/v7e-m+fp/hard/crt0.o
 .bss           0x0000000000000000        0x0 /home/jeff/gcc-arm-none-eabi-10.3-2021.07/bin/../lib/gcc/arm-none-eabi/10.3.1/../../../../arm-none-eabi/lib/thumb/v7e-m+fp/hard/crt0.o
 .ARM.extab     0x0000000000000000        0x0 /home/jeff/gcc-arm-none-eabi-10.3-2021.07/bin/../lib/gcc/arm-none-eabi/10.3.1/../../../../arm-none-eabi/lib/thumb/v7e-m+fp/hard/crt0.o
 .data          0x0000000000000000        0x0 _build/nrf52840_xxaa/gcc_startup_nrf52840.S.o
 .bss           0x0000000000000000        0x0 _build/nrf52840_xxaa/gcc_startup_nrf52840.S.o
 .group         0x0000000000000000        0xc _build/nrf52840_xxaa/nrf_log_backend_rtt.c.o
 .group         0x0000000000000000        0xc _build/nrf52840_xxaa/nrf_log_backend_rtt.c.o
 .group         0x0000000000000000        0xc _build/nrf52840_xxaa/nrf_log_backend_rtt.c.o
 .group         0x0000000000000000        0xc _build/nrf52840_xxaa/nrf_log_backend_rtt.c.o
 .group         0x0000000000000000        0xc _build/nrf52840_xxaa/nrf_log_backend_rtt.c.o
[...]
Memory Configuration

Name             Origin             Length             Attributes
FLASH            0x0000000000026000 0x00000000000da000 xr
RAM              0x00000000200022e0 0x000000000003dd20 xrw
*default*        0x0000000000000000 0xffffffffffffffff

Linker script and memory map


.text           0x0000000000026000     0x6870
 *(.isr_vector)
 .isr_vector    0x0000000000026000      0x200 _build/nrf52840_xxaa/gcc_startup_nrf52840.S.o
                0x0000000000026000                __isr_vector
 *(.text*)
 .text          0x0000000000026200       0x40 /home/jeff/gcc-arm-none-eabi-10.3-2021.07/bin/../lib/gcc/arm-none-eabi/10.3.1/thumb/v7e-m+fp/hard/crtbegin.o
 .text          0x0000000000026240       0x7c /home/jeff/gcc-arm-none-eabi-10.3-2021.07/bin/../lib/gcc/arm-none-eabi/10.3.1/../../../../arm-none-eabi/lib/thumb/v7e-m+fp/hard/crt0.o
                0x0000000000026240                _stack_init
                0x0000000000026248                _mainCRTStartup
                0x0000000000026248                _start
 .text          0x00000000000262bc       0x3c _build/nrf52840_xxaa/gcc_startup_nrf52840.S.o
                0x00000000000262bc                Reset_Handler
                0x00000000000262e4                NMI_Handler
                0x00000000000262e6                HardFault_Handler
                0x00000000000262e8                MemoryManagement_Handler
                0x00000000000262ea                BusFault_Handler
                0x00000000000262ec                UsageFault_Handler
                0x00000000000262ee                SVC_Handler
                0x00000000000262f0                DebugMon_Handler
                0x00000000000262f2                PendSV_Handler
                0x00000000000262f4                SysTick_Handler
                0x00000000000262f6                TIMER2_IRQHandler
                0x00000000000262f6                RTC0_IRQHandler
                0x00000000000262f6                PWM1_IRQHandler
                0x00000000000262f6                RADIO_IRQHandler
                0x00000000000262f6                PDM_IRQHandler
                0x00000000000262f6                TEMP_IRQHandler
                0x00000000000262f6                QDEC_IRQHandler
                0x00000000000262f6                TIMER3_IRQHandler
                0x00000000000262f6                PWM3_IRQHandler
                0x00000000000262f6                FPU_IRQHandler
                0x00000000000262f6                USBD_IRQHandler
                0x00000000000262f6                SPIM0_SPIS0_TWIM0_TWIS0_SPI0_TWI0_IRQHandler
                0x00000000000262f6                TIMER4_IRQHandler
                0x00000000000262f6                CRYPTOCELL_IRQHandler
                0x00000000000262f6                I2S_IRQHandler
                0x00000000000262f6                SWI4_EGU4_IRQHandler
                0x00000000000262f6                TIMER0_IRQHandler
                0x00000000000262f6                UARTE1_IRQHandler
                0x00000000000262f6                TIMER1_IRQHandler
                0x00000000000262f6                SPIM3_IRQHandler
                0x00000000000262f6                PWM2_IRQHandler
                0x00000000000262f6                ECB_IRQHandler
                0x00000000000262f6                SPIM1_SPIS1_TWIM1_TWIS1_SPI1_TWI1_IRQHandler
                0x00000000000262f6                Default_Handler
                0x00000000000262f6                SAADC_IRQHandler
                0x00000000000262f6                CCM_AAR_IRQHandler
                0x00000000000262f6                WDT_IRQHandler
                0x00000000000262f6                SWI5_EGU5_IRQHandler
                0x00000000000262f6                RNG_IRQHandler
                0x00000000000262f6                RTC2_IRQHandler
                0x00000000000262f6                PWM0_IRQHandler
                0x00000000000262f6                SWI3_EGU3_IRQHandler
                0x00000000000262f6                SWI1_EGU1_IRQHandler
                0x00000000000262f6                SPIM2_SPIS2_SPI2_IRQHandler
                0x00000000000262f6                NFCT_IRQHandler
                0x00000000000262f6                MWU_IRQHandler
                0x00000000000262f6                QSPI_IRQHandler
                0x00000000000262f6                COMP_LPCOMP_IRQHandler
 .text.nrf_log_backend_serial_put
                0x00000000000262f8       0xd8 _build/nrf52840_xxaa/nrf_log_backend_serial.c.o
                0x00000000000262f8                nrf_log_backend_serial_put
 .text.uart_evt_handler
                0x00000000000263d0        0xc _build/nrf52840_xxaa/nrf_log_backend_uart.c.o
 .text.nrf_log_backend_uart_flush
                0x00000000000263dc        0x4 _build/nrf52840_xxaa/nrf_log_backend_uart.c.o
 .text.nrf_log_backend_uart_put
                0x00000000000263e0       0x20 _build/nrf52840_xxaa/nrf_log_backend_uart.c.o
 .text.serial_tx
                0x0000000000026400       0x50 _build/nrf52840_xxaa/nrf_log_backend_uart.c.o
 .text.nrf_log_backend_uart_panic_set
                0x0000000000026450       0x68 _build/nrf52840_xxaa/nrf_log_backend_uart.c.o
 .text.nrf_log_backend_uart_init
                0x00000000000264b8       0x50 _build/nrf52840_xxaa/nrf_log_backend_uart.c.o
                0x00000000000264b8                nrf_log_backend_uart_init
 .text.nrf_log_default_backends_init
                0x0000000000026508       0x20 _build/nrf52840_xxaa/nrf_log_default_backends.c.o
                0x0000000000026508                nrf_log_default_backends_init
 .text.nrf_log_init
                0x0000000000026528       0x28 _build/nrf52840_xxaa/nrf_log_frontend.c.o
                0x0000000000026528                nrf_log_init
 .text.nrf_log_module_name_get
                0x0000000000026550       0x48 _build/nrf52840_xxaa/nrf_log_frontend.c.o
                0x0000000000026550                nrf_log_module_name_get
 .text.nrf_log_color_id_get
                0x0000000000026598       0x2c _build/nrf52840_xxaa/nrf_log_frontend.c.o
                0x0000000000026598                nrf_log_color_id_get
 .text.nrf_log_frontend_dequeue
                0x00000000000265c4      0x260 _build/nrf52840_xxaa/nrf_log_frontend.c.o
                0x00000000000265c4                nrf_log_frontend_dequeue
 .text.nrf_log_frontend_std_0
                0x0000000000026824      0x1a8 _build/nrf52840_xxaa/nrf_log_frontend.c.o
                0x0000000000026824                nrf_log_frontend_std_0
 .text.nrf_log_frontend_std_1
                0x00000000000269cc      0x1b8 _build/nrf52840_xxaa/nrf_log_frontend.c.o
                0x00000000000269cc                nrf_log_frontend_std_1
 .text.nrf_log_frontend_std_2
                0x0000000000026b84      0x1c4 _build/nrf52840_xxaa/nrf_log_frontend.c.o
                0x0000000000026b84                nrf_log_frontend_std_2
 .text.nrf_log_backend_add
                0x0000000000026d48       0x5c _build/nrf52840_xxaa/nrf_log_frontend.c.o
                0x0000000000026d48                nrf_log_backend_add
 .text.nrf_log_panic
                0x0000000000026da4       0x28 _build/nrf52840_xxaa/nrf_log_frontend.c.o
                0x0000000000026da4                nrf_log_panic
 .text.prefix_process
                0x0000000000026dcc       0x84 _build/nrf52840_xxaa/nrf_log_str_formatter.c.o
 .text.nrf_log_std_entry_process
                0x0000000000026e50       0xec _build/nrf52840_xxaa/nrf_log_str_formatter.c.o
                0x0000000000026e50                nrf_log_std_entry_process
 .text.nrf_log_hexdump_entry_process
                0x0000000000026f3c      0x104 _build/nrf52840_xxaa/nrf_log_str_formatter.c.o
                0x0000000000026f3c                nrf_log_hexdump_entry_process
 .text.gpiote_event_handler
                0x0000000000027040       0x74 _build/nrf52840_xxaa/app_button.c.o
 .text.detection_delay_timeout_handler
                0x00000000000270b4      0x288 _build/nrf52840_xxaa/app_button.c.o
 .text.app_button_init
                0x000000000002733c       0xb8 _build/nrf52840_xxaa/app_button.c.o
                0x000000000002733c                app_button_init
 .text.app_button_enable
                0x00000000000273f4       0x2c _build/nrf52840_xxaa/app_button.c.o
                0x00000000000273f4                app_button_enable
 .text.app_button_disable
                0x0000000000027420       0x5c _build/nrf52840_xxaa/app_button.c.o
                0x0000000000027420                app_button_disable
 .text.app_error_handler_bare
                0x000000000002747c       0x20 _build/nrf52840_xxaa/app_error.c.o
                0x000000000002747c                app_error_handler_bare
 .text.app_error_fault_handler
                0x000000000002749c       0x6c _build/nrf52840_xxaa/app_error_weak.c.o
                0x000000000002749c                app_error_fault_handler
 .text.RTC1_IRQHandler
                0x0000000000027508       0xa0 _build/nrf52840_xxaa/app_timer.c.o
                0x0000000000027508                RTC1_IRQHandler
 .text.SWI0_EGU0_IRQHandler
                0x00000000000275a8      0x3d0 _build/nrf52840_xxaa/app_timer.c.o
                0x00000000000275a8                SWI0_EGU0_IRQHandler
 .text.app_timer_init
                0x0000000000027978       0xb0 _build/nrf52840_xxaa/app_timer.c.o
                0x0000000000027978                app_timer_init
 .text.app_timer_create
                0x0000000000027a28       0x24 _build/nrf52840_xxaa/app_timer.c.o
                0x0000000000027a28                app_timer_create
 .text.app_timer_start
                0x0000000000027a4c       0xb8 _build/nrf52840_xxaa/app_timer.c.o
                0x0000000000027a4c                app_timer_start
 .text.app_timer_stop
                0x0000000000027b04       0x78 _build/nrf52840_xxaa/app_timer.c.o
                0x0000000000027b04                app_timer_stop
 .text.app_util_critical_region_enter
                0x0000000000027b7c       0x4c _build/nrf52840_xxaa/app_util_platform.c.o
                0x0000000000027b7c                app_util_critical_region_enter
 .text.app_util_critical_region_exit
                0x0000000000027bc8       0x30 _build/nrf52840_xxaa/app_util_platform.c.o
                0x0000000000027bc8                app_util_critical_region_exit
 .text.nrf_atflags_set
                0x0000000000027bf8       0x18 _build/nrf52840_xxaa/nrf_atflags.c.o
                0x0000000000027bf8                nrf_atflags_set
 .text.nrf_atflags_clear
                0x0000000000027c10       0x18 _build/nrf52840_xxaa/nrf_atflags.c.o
                0x0000000000027c10                nrf_atflags_clear
 .text.nrf_atflags_get
                0x0000000000027c28       0x14 _build/nrf52840_xxaa/nrf_atflags.c.o
                0x0000000000027c28                nrf_atflags_get
 .text.nrf_atomic_u32_fetch_store
                0x0000000000027c3c       0x14 _build/nrf52840_xxaa/nrf_atomic.c.o
                0x0000000000027c3c                nrf_atomic_u32_fetch_store
 .text.nrf_atomic_u32_or
                0x0000000000027c50       0x18 _build/nrf52840_xxaa/nrf_atomic.c.o
                0x0000000000027c50                nrf_atomic_u32_or
 .text.nrf_atomic_u32_and
                0x0000000000027c68       0x18 _build/nrf52840_xxaa/nrf_atomic.c.o
                0x0000000000027c68                nrf_atomic_u32_and
 .text.nrf_atomic_u32_add
                0x0000000000027c80       0x18 _build/nrf52840_xxaa/nrf_atomic.c.o
                0x0000000000027c80                nrf_atomic_u32_add
 .text.nrf_atomic_u32_sub
                0x0000000000027c98       0x18 _build/nrf52840_xxaa/nrf_atomic.c.o
                0x0000000000027c98                nrf_atomic_u32_sub
 .text.nrf_atomic_flag_set
                0x0000000000027cb0       0x18 _build/nrf52840_xxaa/nrf_atomic.c.o
                0x0000000000027cb0                nrf_atomic_flag_set
 .text.nrf_atomic_flag_clear_fetch
                0x0000000000027cc8       0x18 _build/nrf52840_xxaa/nrf_atomic.c.o
                0x0000000000027cc8                nrf_atomic_flag_clear_fetch
 .text.nrf_balloc_init
                0x0000000000027ce0       0x3c _build/nrf52840_xxaa/nrf_balloc.c.o
                0x0000000000027ce0                nrf_balloc_init
 .text.nrf_balloc_alloc
                0x0000000000027d1c       0x50 _build/nrf52840_xxaa/nrf_balloc.c.o
                0x0000000000027d1c                nrf_balloc_alloc
 .text.nrf_balloc_free
                0x0000000000027d6c       0x38 _build/nrf52840_xxaa/nrf_balloc.c.o
                0x0000000000027d6c                nrf_balloc_free
 .text.nrf_fprintf_buffer_flush
                0x0000000000027da4       0x18 _build/nrf52840_xxaa/nrf_fprintf.c.o
                0x0000000000027da4                nrf_fprintf_buffer_flush
 .text.nrf_fprintf
                0x0000000000027dbc       0x20 _build/nrf52840_xxaa/nrf_fprintf.c.o
                0x0000000000027dbc                nrf_fprintf
 .text.unsigned_print
                0x0000000000027ddc      0x148 _build/nrf52840_xxaa/nrf_fprintf_format.c.o
 .text.nrf_fprintf_fmt
                0x0000000000027f24      0x4ac _build/nrf52840_xxaa/nrf_fprintf_format.c.o
                0x0000000000027f24                nrf_fprintf_fmt
 .text.nrf_memobj_pool_init
                0x00000000000283d0        0x4 _build/nrf52840_xxaa/nrf_memobj.c.o
                0x00000000000283d0                nrf_memobj_pool_init
 .text.nrf_memobj_alloc
                0x00000000000283d4       0x94 _build/nrf52840_xxaa/nrf_memobj.c.o
                0x00000000000283d4                nrf_memobj_alloc
 .text.nrf_memobj_get
                0x0000000000028468        0x8 _build/nrf52840_xxaa/nrf_memobj.c.o
                0x0000000000028468                nrf_memobj_get
 .text.nrf_memobj_put
                0x0000000000028470       0x58 _build/nrf52840_xxaa/nrf_memobj.c.o
                0x0000000000028470                nrf_memobj_put
 .text.nrf_memobj_write
                0x00000000000284c8       0x68 _build/nrf52840_xxaa/nrf_memobj.c.o
                0x00000000000284c8                nrf_memobj_write
 .text.nrf_memobj_read
                0x0000000000028530       0x68 _build/nrf52840_xxaa/nrf_memobj.c.o
                0x0000000000028530                nrf_memobj_read
 .text.sd_app_evt_wait
                0x0000000000028598        0x4 _build/nrf52840_xxaa/nrf_pwr_mgmt.c.o
 .text.nrf_pwr_mgmt_init
                0x000000000002859c       0x2c _build/nrf52840_xxaa/nrf_pwr_mgmt.c.o
                0x000000000002859c                nrf_pwr_mgmt_init
 .text.nrf_pwr_mgmt_run
                0x00000000000285c8       0x54 _build/nrf52840_xxaa/nrf_pwr_mgmt.c.o
                0x00000000000285c8                nrf_pwr_mgmt_run
 .text.nrf_ringbuf_init
                0x000000000002861c       0x1c _build/nrf52840_xxaa/nrf_ringbuf.c.o
                0x000000000002861c                nrf_ringbuf_init
 .text.nrf_section_iter_init
                0x0000000000028638       0x14 _build/nrf52840_xxaa/nrf_section_iter.c.o
                0x0000000000028638                nrf_section_iter_init
 .text.nrf_section_iter_next
                0x000000000002864c       0x18 _build/nrf52840_xxaa/nrf_section_iter.c.o
                0x000000000002864c                nrf_section_iter_next
 .text.nrf_strerror_get
                0x0000000000028664       0x4c _build/nrf52840_xxaa/nrf_strerror.c.o
                0x0000000000028664                nrf_strerror_get
 .text.SystemInit
                0x00000000000286b0      0x224 _build/nrf52840_xxaa/system_nrf52840.c.o
                0x00000000000286b0                SystemInit
 .text.bsp_board_led_on
                0x00000000000288d4       0x24 _build/nrf52840_xxaa/boards.c.o
                0x00000000000288d4                bsp_board_led_on
 .text.bsp_board_led_off
                0x00000000000288f8       0x24 _build/nrf52840_xxaa/boards.c.o
                0x00000000000288f8                bsp_board_led_off
 .text.bsp_board_init
                0x000000000002891c       0x54 _build/nrf52840_xxaa/boards.c.o
                0x000000000002891c                bsp_board_init
 .text.clock_irq_handler
                0x0000000000028970       0x44 _build/nrf52840_xxaa/nrf_drv_clock.c.o
 .text.soc_evt_handler
                0x00000000000289b4       0x28 _build/nrf52840_xxaa/nrf_drv_clock.c.o
 .text.sd_state_evt_handler
                0x00000000000289dc       0xc8 _build/nrf52840_xxaa/nrf_drv_clock.c.o
 .text.uarte_evt_handler
                0x0000000000028aa4       0x34 _build/nrf52840_xxaa/nrf_drv_uart.c.o
 .text.uart_evt_handler
                0x0000000000028ad8       0x34 _build/nrf52840_xxaa/nrf_drv_uart.c.o
 .text.nrf_drv_uart_init
                0x0000000000028b0c       0x78 _build/nrf52840_xxaa/nrf_drv_uart.c.o
                0x0000000000028b0c                nrf_drv_uart_init
 .text.nrfx_clock_init
                0x0000000000028b84       0x18 _build/nrf52840_xxaa/nrfx_clock.c.o
                0x0000000000028b84                nrfx_clock_init
 .text.nrfx_clock_enable
                0x0000000000028b9c       0x24 _build/nrf52840_xxaa/nrfx_clock.c.o
                0x0000000000028b9c                nrfx_clock_enable
 .text.nrfx_clock_lfclk_stop
                0x0000000000028bc0       0x2c _build/nrf52840_xxaa/nrfx_clock.c.o
                0x0000000000028bc0                nrfx_clock_lfclk_stop
 .text.POWER_CLOCK_IRQHandler
                0x0000000000028bec       0x70 _build/nrf52840_xxaa/nrfx_clock.c.o
                0x0000000000028bec                POWER_CLOCK_IRQHandler
 .text.nrfx_gpiote_init
                0x0000000000028c5c       0xb4 _build/nrf52840_xxaa/nrfx_gpiote.c.o
                0x0000000000028c5c                nrfx_gpiote_init
 .text.nrfx_gpiote_is_init
                0x0000000000028d10       0x14 _build/nrf52840_xxaa/nrfx_gpiote.c.o
                0x0000000000028d10                nrfx_gpiote_is_init
 .text.nrfx_gpiote_in_init
                0x0000000000028d24      0x204 _build/nrf52840_xxaa/nrfx_gpiote.c.o
                0x0000000000028d24                nrfx_gpiote_in_init
 .text.nrfx_gpiote_in_event_enable
                0x0000000000028f28       0xe0 _build/nrf52840_xxaa/nrfx_gpiote.c.o
                0x0000000000028f28                nrfx_gpiote_in_event_enable
 .text.nrfx_gpiote_in_event_disable
                0x0000000000029008       0x74 _build/nrf52840_xxaa/nrfx_gpiote.c.o
                0x0000000000029008                nrfx_gpiote_in_event_disable
 .text.nrfx_gpiote_in_is_set
                0x000000000002907c       0x20 _build/nrf52840_xxaa/nrfx_gpiote.c.o
                0x000000000002907c                nrfx_gpiote_in_is_set
 .text.GPIOTE_IRQHandler
                0x000000000002909c      0x510 _build/nrf52840_xxaa/nrfx_gpiote.c.o
                0x000000000002909c                GPIOTE_IRQHandler
 .text.UARTE0_UART0_IRQHandler
                0x00000000000295ac        0xc _build/nrf52840_xxaa/nrfx_prs.c.o
                0x00000000000295ac                UARTE0_UART0_IRQHandler
 .text.nrfx_prs_acquire
                0x00000000000295b8       0x4c _build/nrf52840_xxaa/nrfx_prs.c.o
                0x00000000000295b8                nrfx_prs_acquire
 .text.nrfx_prs_release
                0x0000000000029604       0x18 _build/nrf52840_xxaa/nrfx_prs.c.o
                0x0000000000029604                nrfx_prs_release
 *fill*         0x000000000002961c        0x4 
 .text.nrfx_uart_0_irq_handler
                0x0000000000029620      0x1d0 _build/nrf52840_xxaa/nrfx_uart.c.o
                0x0000000000029620                nrfx_uart_0_irq_handler
 .text.nrfx_uart_init
                0x00000000000297f0      0x1ec _build/nrf52840_xxaa/nrfx_uart.c.o
                0x00000000000297f0                nrfx_uart_init
 .text.nrfx_uart_uninit
                0x00000000000299dc      0x10c _build/nrf52840_xxaa/nrfx_uart.c.o
                0x00000000000299dc                nrfx_uart_uninit
 .text.nrfx_uart_tx
                0x0000000000029ae8       0xd8 _build/nrf52840_xxaa/nrfx_uart.c.o
                0x0000000000029ae8                nrfx_uart_tx
 .text.nrfx_uarte_0_irq_handler
                0x0000000000029bc0      0x178 _build/nrf52840_xxaa/nrfx_uarte.c.o
                0x0000000000029bc0                nrfx_uarte_0_irq_handler
 .text.nrfx_uarte_init
                0x0000000000029d38      0x21c _build/nrf52840_xxaa/nrfx_uarte.c.o
                0x0000000000029d38                nrfx_uarte_init
 .text.nrfx_uarte_uninit
                0x0000000000029f54      0x170 _build/nrf52840_xxaa/nrfx_uarte.c.o
                0x0000000000029f54                nrfx_uarte_uninit
 .text.nrfx_uarte_tx
                0x000000000002a0c4       0xb0 _build/nrf52840_xxaa/nrfx_uarte.c.o
                0x000000000002a0c4                nrfx_uarte_tx
 .text.sd_ble_gap_adv_set_configure
                0x000000000002a174        0x4 _build/nrf52840_xxaa/main.c.o
 .text.sd_ble_gap_adv_start
                0x000000000002a178        0x4 _build/nrf52840_xxaa/main.c.o
 .text.sd_ble_gap_disconnect
                0x000000000002a17c        0x4 _build/nrf52840_xxaa/main.c.o
 .text.sd_ble_gap_tx_power_set
                0x000000000002a180        0x4 _build/nrf52840_xxaa/main.c.o
 .text.sd_ble_gap_ppcp_set
                0x000000000002a184        0x4 _build/nrf52840_xxaa/main.c.o
 .text.sd_ble_gap_device_name_set
                0x000000000002a188        0x4 _build/nrf52840_xxaa/main.c.o
 .text.sd_ble_gap_sec_params_reply
                0x000000000002a18c        0x4 _build/nrf52840_xxaa/main.c.o
 .text.sd_ble_gap_phy_update
                0x000000000002a190        0x4 _build/nrf52840_xxaa/main.c.o
 .text.sd_ble_gatts_sys_attr_set
                0x000000000002a194        0x4 _build/nrf52840_xxaa/main.c.o
 .text.nrf_qwr_error_handler
                0x000000000002a198        0x4 _build/nrf52840_xxaa/main.c.o
 .text.on_conn_params_evt
                0x000000000002a19c       0x24 _build/nrf52840_xxaa/main.c.o
 .text.button_event_handler
                0x000000000002a1c0       0x60 _build/nrf52840_xxaa/main.c.o
 .text.led_write_handler
                0x000000000002a220       0x40 _build/nrf52840_xxaa/main.c.o
 .text.conn_params_error_handler
                0x000000000002a260        0x4 _build/nrf52840_xxaa/main.c.o
 .text.ble_evt_handler
                0x000000000002a264      0x13c _build/nrf52840_xxaa/main.c.o
 .text.startup.main
                0x000000000002a3a0      0x290 _build/nrf52840_xxaa/main.c.o
                0x000000000002a3a0                main
 .text.sd_ble_gap_addr_get
                0x000000000002a630        0x4 _build/nrf52840_xxaa/ble_advdata.c.o
 .text.sd_ble_gap_appearance_get
                0x000000000002a634        0x4 _build/nrf52840_xxaa/ble_advdata.c.o
 .text.sd_ble_gap_device_name_get
                0x000000000002a638        0x4 _build/nrf52840_xxaa/ble_advdata.c.o
 .text.sd_ble_uuid_encode
                0x000000000002a63c        0x4 _build/nrf52840_xxaa/ble_advdata.c.o
 .text.uuid_list_sized_encode
                0x000000000002a640       0xe4 _build/nrf52840_xxaa/ble_advdata.c.o
 .text.ble_advdata_encode
                0x000000000002a724      0x3f0 _build/nrf52840_xxaa/ble_advdata.c.o
                0x000000000002a724                ble_advdata_encode
 .text.sd_ble_gap_conn_param_update
                0x000000000002ab14        0x4 _build/nrf52840_xxaa/ble_conn_params.c.o
 .text.sd_ble_gap_disconnect
                0x000000000002ab18        0x4 _build/nrf52840_xxaa/ble_conn_params.c.o
 .text.sd_ble_gap_ppcp_set
                0x000000000002ab1c        0x4 _build/nrf52840_xxaa/ble_conn_params.c.o
 .text.sd_ble_gap_ppcp_get
                0x000000000002ab20        0x4 _build/nrf52840_xxaa/ble_conn_params.c.o
 .text.update_timeout_handler
                0x000000000002ab24       0x80 _build/nrf52840_xxaa/ble_conn_params.c.o
 .text.ble_evt_handler
                0x000000000002aba4      0x1cc _build/nrf52840_xxaa/ble_conn_params.c.o
 .text.ble_conn_params_init
                0x000000000002ad70       0x78 _build/nrf52840_xxaa/ble_conn_params.c.o
                0x000000000002ad70                ble_conn_params_init
 .text.ble_evt_handler
                0x000000000002ade8      0x160 _build/nrf52840_xxaa/ble_conn_state.c.o
 .text.sd_ble_gatts_characteristic_add
                0x000000000002af48        0x4 _build/nrf52840_xxaa/ble_srv_common.c.o
 .text.ble_srv_is_notification_enabled
                0x000000000002af4c        0x8 _build/nrf52840_xxaa/ble_srv_common.c.o
                0x000000000002af4c                ble_srv_is_notification_enabled
 .text.characteristic_add
                0x000000000002af54      0x278 _build/nrf52840_xxaa/ble_srv_common.c.o
                0x000000000002af54                characteristic_add
 .text.sd_ble_gap_data_length_update
                0x000000000002b1cc        0x4 _build/nrf52840_xxaa/nrf_ble_gatt.c.o
 .text.sd_ble_gattc_exchange_mtu_request
                0x000000000002b1d0        0x4 _build/nrf52840_xxaa/nrf_ble_gatt.c.o
 .text.sd_ble_gatts_exchange_mtu_reply
                0x000000000002b1d4        0x4 _build/nrf52840_xxaa/nrf_ble_gatt.c.o
 .text.data_length_update
                0x000000000002b1d8       0x8c _build/nrf52840_xxaa/nrf_ble_gatt.c.o
 .text.nrf_ble_gatt_init
                0x000000000002b264       0x28 _build/nrf52840_xxaa/nrf_ble_gatt.c.o
                0x000000000002b264                nrf_ble_gatt_init
 .text.nrf_ble_gatt_on_ble_evt
                0x000000000002b28c      0x1e0 _build/nrf52840_xxaa/nrf_ble_gatt.c.o
                0x000000000002b28c                nrf_ble_gatt_on_ble_evt
 .text.sd_ble_gatts_rw_authorize_reply
                0x000000000002b46c        0x4 _build/nrf52840_xxaa/nrf_ble_qwr.c.o
 .text.sd_ble_user_mem_reply
                0x000000000002b470        0x4 _build/nrf52840_xxaa/nrf_ble_qwr.c.o
 .text.nrf_ble_qwr_init
                0x000000000002b474       0x24 _build/nrf52840_xxaa/nrf_ble_qwr.c.o
                0x000000000002b474                nrf_ble_qwr_init
 .text.nrf_ble_qwr_conn_handle_assign
                0x000000000002b498       0x18 _build/nrf52840_xxaa/nrf_ble_qwr.c.o
                0x000000000002b498                nrf_ble_qwr_conn_handle_assign
 .text.nrf_ble_qwr_on_ble_evt
                0x000000000002b4b0       0xec _build/nrf52840_xxaa/nrf_ble_qwr.c.o
                0x000000000002b4b0                nrf_ble_qwr_on_ble_evt
 .text.sd_ble_gatts_service_add
                0x000000000002b59c        0x4 _build/nrf52840_xxaa/ble_lbs.c.o
 .text.sd_ble_gatts_hvx
                0x000000000002b5a0        0x4 _build/nrf52840_xxaa/ble_lbs.c.o
 .text.sd_ble_uuid_vs_add
                0x000000000002b5a4        0x4 _build/nrf52840_xxaa/ble_lbs.c.o
 .text.ble_lbs_on_ble_evt
                0x000000000002b5a8       0x24 _build/nrf52840_xxaa/ble_lbs.c.o
                0x000000000002b5a8                ble_lbs_on_ble_evt
 .text.ble_lbs_init
                0x000000000002b5cc       0xd0 _build/nrf52840_xxaa/ble_lbs.c.o
                0x000000000002b5cc                ble_lbs_init
 .text.ble_lbs_on_button_change
                0x000000000002b69c       0x40 _build/nrf52840_xxaa/ble_lbs.c.o
                0x000000000002b69c                ble_lbs_on_button_change
 .text.sd_softdevice_enable
                0x000000000002b6dc        0x4 _build/nrf52840_xxaa/nrf_sdh.c.o
 .text.nrf_sdh_enable_request
                0x000000000002b6e0      0x11c _build/nrf52840_xxaa/nrf_sdh.c.o
                0x000000000002b6e0                nrf_sdh_enable_request
 .text.nrf_sdh_is_enabled
                0x000000000002b7fc        0xc _build/nrf52840_xxaa/nrf_sdh.c.o
                0x000000000002b7fc                nrf_sdh_is_enabled
 .text.SWI2_EGU2_IRQHandler
                0x000000000002b808       0x2c _build/nrf52840_xxaa/nrf_sdh.c.o
                0x000000000002b808                SWI2_EGU2_IRQHandler
 .text.sd_ble_enable
                0x000000000002b834        0x4 _build/nrf52840_xxaa/nrf_sdh_ble.c.o
 .text.sd_ble_cfg_set
                0x000000000002b838        0x4 _build/nrf52840_xxaa/nrf_sdh_ble.c.o
 .text.sd_ble_evt_get
                0x000000000002b83c        0x4 _build/nrf52840_xxaa/nrf_sdh_ble.c.o
 .text.nrf_sdh_ble_evts_poll
                0x000000000002b840       0x60 _build/nrf52840_xxaa/nrf_sdh_ble.c.o
 .text.nrf_sdh_ble_default_cfg_set
                0x000000000002b8a0      0x17c _build/nrf52840_xxaa/nrf_sdh_ble.c.o
                0x000000000002b8a0                nrf_sdh_ble_default_cfg_set
 .text.nrf_sdh_ble_enable
                0x000000000002ba1c       0xa0 _build/nrf52840_xxaa/nrf_sdh_ble.c.o
                0x000000000002ba1c                nrf_sdh_ble_enable
 .text.sd_evt_get
                0x000000000002babc        0x4 _build/nrf52840_xxaa/nrf_sdh_soc.c.o
 .text.nrf_sdh_soc_evts_poll
                0x000000000002bac0       0x50 _build/nrf52840_xxaa/nrf_sdh_soc.c.o
 .text.exit     0x000000000002bb10       0x28 /home/jeff/gcc-arm-none-eabi-10.3-2021.07/bin/../lib/gcc/arm-none-eabi/10.3.1/../../../../arm-none-eabi/lib/thumb/v7e-m+fp/hard/libc_nano.a(lib_a-exit.o)
                0x000000000002bb10                exit
 .text.__libc_init_array
                0x000000000002bb38       0x48 /home/jeff/gcc-arm-none-eabi-10.3-2021.07/bin/../lib/gcc/arm-none-eabi/10.3.1/../../../../arm-none-eabi/lib/thumb/v7e-m+fp/hard/libc_nano.a(lib_a-init.o)
                0x000000000002bb38                __libc_init_array
 .text.memcpy   0x000000000002bb80       0x1c /home/jeff/gcc-arm-none-eabi-10.3-2021.07/bin/../lib/gcc/arm-none-eabi/10.3.1/../../../../arm-none-eabi/lib/thumb/v7e-m+fp/hard/libc_nano.a(lib_a-memcpy-stub.o)
                0x000000000002bb80                memcpy
 .text.memset   0x000000000002bb9c       0x10 /home/jeff/gcc-arm-none-eabi-10.3-2021.07/bin/../lib/gcc/arm-none-eabi/10.3.1/../../../../arm-none-eabi/lib/thumb/v7e-m+fp/hard/libc_nano.a(lib_a-memset.o)
                0x000000000002bb9c                memset
 .text          0x000000000002bbac       0x10 /home/jeff/gcc-arm-none-eabi-10.3-2021.07/bin/../lib/gcc/arm-none-eabi/10.3.1/../../../../arm-none-eabi/lib/thumb/v7e-m+fp/hard/libc_nano.a(lib_a-strlen.o)
                0x000000000002bbac                strlen
 .text._exit    0x000000000002bbbc        0x4 /home/jeff/gcc-arm-none-eabi-10.3-2021.07/bin/../lib/gcc/arm-none-eabi/10.3.1/../../../../arm-none-eabi/lib/thumb/v7e-m+fp/hard/libnosys.a(_exit.o)
                0x000000000002bbbc                _exit
 *(.init)
 .init          0x000000000002bbc0        0x4 /home/jeff/gcc-arm-none-eabi-10.3-2021.07/bin/../lib/gcc/arm-none-eabi/10.3.1/thumb/v7e-m+fp/hard/crti.o
                0x000000000002bbc0                _init
 .init          0x000000000002bbc4        0x8 /home/jeff/gcc-arm-none-eabi-10.3-2021.07/bin/../lib/gcc/arm-none-eabi/10.3.1/thumb/v7e-m+fp/hard/crtn.o
 *(.fini)
 .fini          0x000000000002bbcc        0x4 /home/jeff/gcc-arm-none-eabi-10.3-2021.07/bin/../lib/gcc/arm-none-eabi/10.3.1/thumb/v7e-m+fp/hard/crti.o
                0x000000000002bbcc                _fini
 .fini          0x000000000002bbd0        0x8 /home/jeff/gcc-arm-none-eabi-10.3-2021.07/bin/../lib/gcc/arm-none-eabi/10.3.1/thumb/v7e-m+fp/hard/crtn.o
 *crtbegin.o(.ctors)
 *crtbegin?.o(.ctors)
 *(EXCLUDE_FILE(*crtend.o *crtend?.o) .ctors)
 *(SORT_BY_NAME(.ctors.*))
 *(.ctors)
 *crtbegin.o(.dtors)
 *crtbegin?.o(.dtors)
 *(EXCLUDE_FILE(*crtend.o *crtend?.o) .dtors)
 *(SORT_BY_NAME(.dtors.*))
 *(.dtors)
 *(.rodata*)
 .rodata        0x000000000002bbd8       0x20 _build/nrf52840_xxaa/nrf_log_backend_uart.c.o
 .rodata.nrf_log_backend_uart_api
                0x000000000002bbf8        0xc _build/nrf52840_xxaa/nrf_log_backend_uart.c.o
                0x000000000002bbf8                nrf_log_backend_uart_api
 .rodata.str1.4
                0x000000000002bc04       0x11 _build/nrf52840_xxaa/nrf_log_default_backends.c.o
 *fill*         0x000000000002bc15        0x3 
 .rodata.nrf_log_frontend_dequeue.str1.4
                0x000000000002bc18       0x11 _build/nrf52840_xxaa/nrf_log_frontend.c.o
 *fill*         0x000000000002bc29        0x3 
 .rodata.str1.4
                0x000000000002bc2c        0x4 _build/nrf52840_xxaa/nrf_log_frontend.c.o
 .rodata.m_log_push_ringbuf
                0x000000000002bc30        0xc _build/nrf52840_xxaa/nrf_log_frontend.c.o
 .rodata.prefix_process.str1.4
                0x000000000002bc3c       0x36 _build/nrf52840_xxaa/nrf_log_str_formatter.c.o
 *fill*         0x000000000002bc72        0x2 
 .rodata.nrf_log_std_entry_process.str1.4
                0x000000000002bc74        0x3 _build/nrf52840_xxaa/nrf_log_str_formatter.c.o
 *fill*         0x000000000002bc77        0x1 
 .rodata.nrf_log_hexdump_entry_process.str1.4
                0x000000000002bc78       0x13 _build/nrf52840_xxaa/nrf_log_str_formatter.c.o
                                         0x16 (size before relaxing)
 *fill*         0x000000000002bc8b        0x1 
 .rodata.str1.4
                0x000000000002bc8c       0x56 _build/nrf52840_xxaa/nrf_log_str_formatter.c.o
 *fill*         0x000000000002bce2        0x2 
 .rodata.m_colors
                0x000000000002bce4       0x24 _build/nrf52840_xxaa/nrf_log_str_formatter.c.o
 .rodata.severity_names
                0x000000000002bd08       0x14 _build/nrf52840_xxaa/nrf_log_str_formatter.c.o
 .rodata.str1.4
                0x000000000002bd1c        0xb _build/nrf52840_xxaa/app_button.c.o
 *fill*         0x000000000002bd27        0x1 
 .rodata.m_detection_delay_timer_id
                0x000000000002bd28        0x4 _build/nrf52840_xxaa/app_button.c.o
 .rodata.app_error_fault_handler.str1.4
                0x000000000002bd2c       0x19 _build/nrf52840_xxaa/app_error_weak.c.o
 *fill*         0x000000000002bd45        0xb 
 .rodata.delay_machine_code.0
                0x000000000002bd50        0x6 _build/nrf52840_xxaa/app_timer.c.o
 *fill*         0x000000000002bd56        0x2 
 .rodata._aV2C.0
                0x000000000002bd58       0x10 _build/nrf52840_xxaa/nrf_fprintf_format.c.o
 .rodata.str1.4
                0x000000000002bd68        0x9 _build/nrf52840_xxaa/nrf_pwr_mgmt.c.o
 *fill*         0x000000000002bd71        0x3 
 .rodata.pwr_mgmt_data
                0x000000000002bd74        0xc _build/nrf52840_xxaa/nrf_pwr_mgmt.c.o
 .rodata.str1.4
                0x000000000002bd80      0x3e9 _build/nrf52840_xxaa/nrf_strerror.c.o
 *fill*         0x000000000002c169        0x3 
 .rodata.m_unknown_str
                0x000000000002c16c       0x13 _build/nrf52840_xxaa/nrf_strerror.c.o
 *fill*         0x000000000002c17f        0x1 
 .rodata.nrf_strerror_array
                0x000000000002c180      0x128 _build/nrf52840_xxaa/nrf_strerror.c.o
 .rodata.CSWTCH.6
                0x000000000002c2a8        0x4 _build/nrf52840_xxaa/system_nrf52840.c.o
 .rodata.m_board_led_list
                0x000000000002c2ac        0x3 _build/nrf52840_xxaa/boards.c.o
 *fill*         0x000000000002c2af        0x1 
 .rodata.str1.4
                0x000000000002c2b0        0x6 _build/nrf52840_xxaa/nrf_drv_clock.c.o
 *fill*         0x000000000002c2b6        0x2 
 .rodata.str1.4
                0x000000000002c2b8        0x6 _build/nrf52840_xxaa/nrfx_clock.c.o
 *fill*         0x000000000002c2be        0x2 
 .rodata.str1.4
                0x000000000002c2c0        0x7 _build/nrf52840_xxaa/nrfx_gpiote.c.o
 *fill*         0x000000000002c2c7        0x1 
 .rodata.str1.4
                0x000000000002c2c8        0x4 _build/nrf52840_xxaa/nrfx_prs.c.o
 .rodata.str1.4
                0x000000000002c2cc        0x5 _build/nrf52840_xxaa/nrfx_uart.c.o
 *fill*         0x000000000002c2d1        0x3 
 .rodata.str1.4
                0x000000000002c2d4        0x6 _build/nrf52840_xxaa/nrfx_uarte.c.o
 *fill*         0x000000000002c2da        0x2 
 .rodata.button_event_handler.str1.4
                0x000000000002c2dc       0x1a _build/nrf52840_xxaa/main.c.o
 *fill*         0x000000000002c2f6        0x2 
 .rodata.led_write_handler.str1.4
                0x000000000002c2f8       0x26 _build/nrf52840_xxaa/main.c.o
 *fill*         0x000000000002c31e        0x2 
 .rodata.ble_evt_handler.str1.4
                0x000000000002c320       0x19 _build/nrf52840_xxaa/main.c.o
 *fill*         0x000000000002c339        0x3 
 .rodata.main.str1.4
                0x000000000002c33c       0x28 _build/nrf52840_xxaa/main.c.o
 .rodata.data_length_update.str1.4
                0x000000000002c364       0xe2 _build/nrf52840_xxaa/nrf_ble_gatt.c.o
 *fill*         0x000000000002c446        0x2 
 .rodata.nrf_ble_gatt_on_ble_evt.str1.4
                0x000000000002c448       0x63 _build/nrf52840_xxaa/nrf_ble_gatt.c.o
 *fill*         0x000000000002c4ab        0x1 
 .rodata.str1.4
                0x000000000002c4ac        0xd _build/nrf52840_xxaa/nrf_ble_gatt.c.o
 *fill*         0x000000000002c4b9        0x3 
 .rodata        0x000000000002c4bc       0x10 _build/nrf52840_xxaa/ble_lbs.c.o
 .rodata.str1.4
                0x000000000002c4cc        0x8 _build/nrf52840_xxaa/nrf_sdh.c.o
 .rodata        0x000000000002c4d4        0x4 _build/nrf52840_xxaa/nrf_sdh.c.o
 .rodata.sdh_req_observers
                0x000000000002c4d8        0xc _build/nrf52840_xxaa/nrf_sdh.c.o
 .rodata.sdh_stack_observers
                0x000000000002c4e4        0xc _build/nrf52840_xxaa/nrf_sdh.c.o
 .rodata.sdh_state_observers
                0x000000000002c4f0        0xc _build/nrf52840_xxaa/nrf_sdh.c.o
 .rodata.nrf_sdh_ble_default_cfg_set.str1.4
                0x000000000002c4fc      0x187 _build/nrf52840_xxaa/nrf_sdh_ble.c.o
 *fill*         0x000000000002c683        0x1 
 .rodata.nrf_sdh_ble_enable.str1.4
                0x000000000002c684       0xad _build/nrf52840_xxaa/nrf_sdh_ble.c.o
 *fill*         0x000000000002c731        0x3 
 .rodata.str1.4
                0x000000000002c734        0xc _build/nrf52840_xxaa/nrf_sdh_ble.c.o
 .rodata.sdh_ble_observers
                0x000000000002c740        0xc _build/nrf52840_xxaa/nrf_sdh_ble.c.o
 .rodata.str1.4
                0x000000000002c74c        0xc _build/nrf52840_xxaa/nrf_sdh_soc.c.o
 .rodata.sdh_soc_observers
                0x000000000002c758        0xc _build/nrf52840_xxaa/nrf_sdh_soc.c.o
 .rodata._ctype_
                0x000000000002c764      0x101 /home/jeff/gcc-arm-none-eabi-10.3-2021.07/bin/../lib/gcc/arm-none-eabi/10.3.1/../../../../arm-none-eabi/lib/thumb/v7e-m+fp/hard/libc_nano.a(lib_a-ctype_.o)
                0x000000000002c764                _ctype_
 *fill*         0x000000000002c865        0x3 
 .rodata._global_impure_ptr
                0x000000000002c868        0x4 /home/jeff/gcc-arm-none-eabi-10.3-2021.07/bin/../lib/gcc/arm-none-eabi/10.3.1/../../../../arm-none-eabi/lib/thumb/v7e-m+fp/hard/libc_nano.a(lib_a-impure.o)
                0x000000000002c868                _global_impure_ptr
 *(.eh_frame*)
 .eh_frame      0x000000000002c86c        0x0 /home/jeff/gcc-arm-none-eabi-10.3-2021.07/bin/../lib/gcc/arm-none-eabi/10.3.1/thumb/v7e-m+fp/hard/crtbegin.o
 .eh_frame      0x000000000002c86c        0x4 /home/jeff/gcc-arm-none-eabi-10.3-2021.07/bin/../lib/gcc/arm-none-eabi/10.3.1/thumb/v7e-m+fp/hard/crtend.o

.glue_7         0x000000000002c870        0x0
 .glue_7        0x000000000002c870        0x0 linker stubs

.glue_7t        0x000000000002c870        0x0
 .glue_7t       0x000000000002c870        0x0 linker stubs

.vfp11_veneer   0x000000000002c870        0x0
 .vfp11_veneer  0x000000000002c870        0x0 linker stubs

.v4_bx          0x000000000002c870        0x0
 .v4_bx         0x000000000002c870        0x0 linker stubs

.iplt           0x000000000002c870        0x0
 .iplt          0x000000000002c870        0x0 /home/jeff/gcc-arm-none-eabi-10.3-2021.07/bin/../lib/gcc/arm-none-eabi/10.3.1/thumb/v7e-m+fp/hard/crtbegin.o

.mem_section_dummy_rom

.sdh_soc_observers
                0x000000000002c870        0x8
                0x000000000002c870                PROVIDE (__start_sdh_soc_observers = .)
 *(SORT_BY_NAME(.sdh_soc_observers*))
 .sdh_soc_observers0
                0x000000000002c870        0x8 _build/nrf52840_xxaa/nrf_drv_clock.c.o
                0x000000000002c878                PROVIDE (__stop_sdh_soc_observers = .)

.pwr_mgmt_data  0x000000000002c878        0x0
                0x000000000002c878                PROVIDE (__start_pwr_mgmt_data = .)
 *(SORT_BY_NAME(.pwr_mgmt_data*))
                0x000000000002c878                PROVIDE (__stop_pwr_mgmt_data = .)

.sdh_ble_observers
                0x000000000002c878       0x30
                0x000000000002c878                PROVIDE (__start_sdh_ble_observers = .)
 *(SORT_BY_NAME(.sdh_ble_observers*))
 .sdh_ble_observers0
                0x000000000002c878        0x8 _build/nrf52840_xxaa/ble_conn_state.c.o
 .sdh_ble_observers1
                0x000000000002c880        0x8 _build/nrf52840_xxaa/main.c.o
 .sdh_ble_observers1
                0x000000000002c888        0x8 _build/nrf52840_xxaa/ble_conn_params.c.o
 .sdh_ble_observers2
                0x000000000002c890       0x10 _build/nrf52840_xxaa/main.c.o
 .sdh_ble_observers3
                0x000000000002c8a0        0x8 _build/nrf52840_xxaa/main.c.o
                0x000000000002c8a8                PROVIDE (__stop_sdh_ble_observers = .)

.sdh_stack_observers
                0x000000000002c8a8       0x10
                0x000000000002c8a8                PROVIDE (__start_sdh_stack_observers = .)
 *(SORT_BY_NAME(.sdh_stack_observers*))
 .sdh_stack_observers0
                0x000000000002c8a8        0x8 _build/nrf52840_xxaa/nrf_sdh_ble.c.o
 .sdh_stack_observers0
                0x000000000002c8b0        0x8 _build/nrf52840_xxaa/nrf_sdh_soc.c.o
                0x000000000002c8b8                PROVIDE (__stop_sdh_stack_observers = .)

.sdh_req_observers
                0x000000000002c8b8        0x0
                0x000000000002c8b8                PROVIDE (__start_sdh_req_observers = .)
 *(SORT_BY_NAME(.sdh_req_observers*))
                0x000000000002c8b8                PROVIDE (__stop_sdh_req_observers = .)

.sdh_state_observers
                0x000000000002c8b8        0x8
                0x000000000002c8b8                PROVIDE (__start_sdh_state_observers = .)
 *(SORT_BY_NAME(.sdh_state_observers*))
 .sdh_state_observers0
                0x000000000002c8b8        0x8 _build/nrf52840_xxaa/nrf_drv_clock.c.o
                0x000000000002c8c0                PROVIDE (__stop_sdh_state_observers = .)

.nrf_queue      0x000000000002c8c0        0x0
                [!provide]                        PROVIDE (__start_nrf_queue = .)
 *(.nrf_queue)
                [!provide]                        PROVIDE (__stop_nrf_queue = .)

.nrf_balloc     0x000000000002c8c0       0x14
                [!provide]                        PROVIDE (__start_nrf_balloc = .)
 *(.nrf_balloc)
 .nrf_balloc    0x000000000002c8c0       0x14 _build/nrf52840_xxaa/nrf_log_frontend.c.o
                0x000000000002c8c0                log_mempool
                [!provide]                        PROVIDE (__stop_nrf_balloc = .)

.cli_command    0x000000000002c8d4        0x0
                [!provide]                        PROVIDE (__start_cli_command = .)
 *(.cli_command)
                [!provide]                        PROVIDE (__stop_cli_command = .)

.crypto_data    0x000000000002c8d4        0x0
                [!provide]                        PROVIDE (__start_crypto_data = .)
 *(SORT_BY_NAME(.crypto_data*))
                [!provide]                        PROVIDE (__stop_crypto_data = .)

.log_const_data
                0x000000000002c8d4       0x68
                0x000000000002c8d4                PROVIDE (__start_log_const_data = .)
 *(SORT_BY_NAME(.log_const_data*))
 .log_const_data_CLOCK
                0x000000000002c8d4        0x8 _build/nrf52840_xxaa/nrfx_clock.c.o
                0x000000000002c8d4                m_nrf_log_CLOCK_logs_data_const
 .log_const_data_GPIOTE
                0x000000000002c8dc        0x8 _build/nrf52840_xxaa/nrfx_gpiote.c.o
                0x000000000002c8dc                m_nrf_log_GPIOTE_logs_data_const
 .log_const_data_PRS
                0x000000000002c8e4        0x8 _build/nrf52840_xxaa/nrfx_prs.c.o
                0x000000000002c8e4                m_nrf_log_PRS_logs_data_const
 .log_const_data_UART
                0x000000000002c8ec        0x8 _build/nrf52840_xxaa/nrfx_uart.c.o
                0x000000000002c8ec                m_nrf_log_UART_logs_data_const
 .log_const_data_UARTE
                0x000000000002c8f4        0x8 _build/nrf52840_xxaa/nrfx_uarte.c.o
                0x000000000002c8f4                m_nrf_log_UARTE_logs_data_const
 .log_const_data_app
                0x000000000002c8fc        0x8 _build/nrf52840_xxaa/nrf_log_frontend.c.o
                0x000000000002c8fc                m_nrf_log_app_logs_data_const
 .log_const_data_app_button
                0x000000000002c904        0x8 _build/nrf52840_xxaa/app_button.c.o
                0x000000000002c904                m_nrf_log_app_button_logs_data_const
 .log_const_data_clock
                0x000000000002c90c        0x8 _build/nrf52840_xxaa/nrf_drv_clock.c.o
                0x000000000002c90c                m_nrf_log_clock_logs_data_const
 .log_const_data_nrf_ble_gatt
                0x000000000002c914        0x8 _build/nrf52840_xxaa/nrf_ble_gatt.c.o
                0x000000000002c914                m_nrf_log_nrf_ble_gatt_logs_data_const
 .log_const_data_nrf_sdh
                0x000000000002c91c        0x8 _build/nrf52840_xxaa/nrf_sdh.c.o
                0x000000000002c91c                m_nrf_log_nrf_sdh_logs_data_const
 .log_const_data_nrf_sdh_ble
                0x000000000002c924        0x8 _build/nrf52840_xxaa/nrf_sdh_ble.c.o
                0x000000000002c924                m_nrf_log_nrf_sdh_ble_logs_data_const
 .log_const_data_nrf_sdh_soc
                0x000000000002c92c        0x8 _build/nrf52840_xxaa/nrf_sdh_soc.c.o
                0x000000000002c92c                m_nrf_log_nrf_sdh_soc_logs_data_const
 .log_const_data_pwr_mgmt
                0x000000000002c934        0x8 _build/nrf52840_xxaa/nrf_pwr_mgmt.c.o
                0x000000000002c934                m_nrf_log_pwr_mgmt_logs_data_const
                0x000000000002c93c                PROVIDE (__stop_log_const_data = .)

.log_backends   0x000000000002c93c       0x10
                [!provide]                        PROVIDE (__start_log_backends = .)
 *(SORT_BY_NAME(.log_backends*))
 .log_backends  0x000000000002c93c       0x10 _build/nrf52840_xxaa/nrf_log_default_backends.c.o
                [!provide]                        PROVIDE (__stop_log_backends = .)

.ARM.extab
 *(.ARM.extab* .gnu.linkonce.armextab.*)
                0x000000000002c94c                __exidx_start = .

.ARM.exidx      0x000000000002c94c        0x8
 *(.ARM.exidx* .gnu.linkonce.armexidx.*)
 .ARM.exidx     0x000000000002c94c        0x8 /home/jeff/gcc-arm-none-eabi-10.3-2021.07/bin/../lib/gcc/arm-none-eabi/10.3.1/../../../../arm-none-eabi/lib/thumb/v7e-m+fp/hard/crt0.o
                                         0x10 (size before relaxing)
                0x000000000002c954                __exidx_end = .

.rel.dyn        0x000000000002c954        0x0
 .rel.iplt      0x000000000002c954        0x0 /home/jeff/gcc-arm-none-eabi-10.3-2021.07/bin/../lib/gcc/arm-none-eabi/10.3.1/thumb/v7e-m+fp/hard/crtbegin.o
                0x000000000002c954                . = ALIGN (0x4)
                0x000000000002c954                __etext = .

.data           0x00000000200022e0       0xa4 load address 0x000000000002c954
                0x00000000200022e0                __data_start__ = .
 *(vtable)
 *(.data*)
 .data.m_uart   0x00000000200022e0       0x14 _build/nrf52840_xxaa/nrf_log_backend_uart.c.o
                0x00000000200022e0                m_uart
 .data.log_backend_cb_uart_log_backend
                0x00000000200022f4        0x8 _build/nrf52840_xxaa/nrf_log_default_backends.c.o
 .data.SystemCoreClock
                0x00000000200022fc        0x4 _build/nrf52840_xxaa/system_nrf52840.c.o
                0x00000000200022fc                SystemCoreClock
 .data.buttons.0
                0x0000000020002300        0x8 _build/nrf52840_xxaa/main.c.o
 .data.m_adv_data
                0x0000000020002308       0x10 _build/nrf52840_xxaa/main.c.o
 .data.m_adv_handle
                0x0000000020002318        0x1 _build/nrf52840_xxaa/main.c.o
 *fill*         0x0000000020002319        0x1 
 .data.m_conn_handle
                0x000000002000231a        0x2 _build/nrf52840_xxaa/main.c.o
 .data.impure_data
                0x000000002000231c       0x60 /home/jeff/gcc-arm-none-eabi-10.3-2021.07/bin/../lib/gcc/arm-none-eabi/10.3.1/../../../../arm-none-eabi/lib/thumb/v7e-m+fp/hard/libc_nano.a(lib_a-impure.o)
                0x000000002000237c                . = ALIGN (0x4)
                0x000000002000237c                PROVIDE (__preinit_array_start = .)
 *(.preinit_array)
                0x000000002000237c                PROVIDE (__preinit_array_end = .)
                0x000000002000237c                . = ALIGN (0x4)
                0x000000002000237c                PROVIDE (__init_array_start = .)
 *(SORT_BY_NAME(.init_array.*))
 *(.init_array)
 .init_array    0x000000002000237c        0x4 /home/jeff/gcc-arm-none-eabi-10.3-2021.07/bin/../lib/gcc/arm-none-eabi/10.3.1/thumb/v7e-m+fp/hard/crtbegin.o
                0x0000000020002380                PROVIDE (__init_array_end = .)
                0x0000000020002380                . = ALIGN (0x4)
                [!provide]                        PROVIDE (__fini_array_start = .)
 *(SORT_BY_NAME(.fini_array.*))
 *(.fini_array)
 .fini_array    0x0000000020002380        0x4 /home/jeff/gcc-arm-none-eabi-10.3-2021.07/bin/../lib/gcc/arm-none-eabi/10.3.1/thumb/v7e-m+fp/hard/crtbegin.o
                [!provide]                        PROVIDE (__fini_array_end = .)
 *(.jcr*)
                0x0000000020002384                . = ALIGN (0x4)
                0x0000000020002384                __data_end__ = .
LOAD /home/jeff/gcc-arm-none-eabi-10.3-2021.07/bin/../lib/gcc/arm-none-eabi/10.3.1/thumb/v7e-m+fp/hard/crti.o
LOAD /home/jeff/gcc-arm-none-eabi-10.3-2021.07/bin/../lib/gcc/arm-none-eabi/10.3.1/thumb/v7e-m+fp/hard/crtbegin.o
LOAD /home/jeff/gcc-arm-none-eabi-10.3-2021.07/bin/../lib/gcc/arm-none-eabi/10.3.1/../../../../arm-none-eabi/lib/thumb/v7e-m+fp/hard/crt0.o
LOAD _build/nrf52840_xxaa/gcc_startup_nrf52840.S.o
LOAD _build/nrf52840_xxaa/nrf_log_backend_rtt.c.o
LOAD _build/nrf52840_xxaa/nrf_log_backend_serial.c.o
LOAD _build/nrf52840_xxaa/nrf_log_backend_uart.c.o
LOAD _build/nrf52840_xxaa/nrf_log_default_backends.c.o
LOAD _build/nrf52840_xxaa/nrf_log_frontend.c.o
LOAD _build/nrf52840_xxaa/nrf_log_str_formatter.c.o
LOAD _build/nrf52840_xxaa/app_button.c.o
LOAD _build/nrf52840_xxaa/app_error.c.o
LOAD _build/nrf52840_xxaa/app_error_handler_gcc.c.o
LOAD _build/nrf52840_xxaa/app_error_weak.c.o
LOAD _build/nrf52840_xxaa/app_scheduler.c.o
LOAD _build/nrf52840_xxaa/app_timer.c.o
LOAD _build/nrf52840_xxaa/app_util_platform.c.o
LOAD _build/nrf52840_xxaa/hardfault_implementation.c.o
LOAD _build/nrf52840_xxaa/nrf_assert.c.o
LOAD _build/nrf52840_xxaa/nrf_atfifo.c.o
LOAD _build/nrf52840_xxaa/nrf_atflags.c.o
LOAD _build/nrf52840_xxaa/nrf_atomic.c.o
LOAD _build/nrf52840_xxaa/nrf_balloc.c.o
LOAD _build/nrf52840_xxaa/nrf_fprintf.c.o
LOAD _build/nrf52840_xxaa/nrf_fprintf_format.c.o
LOAD _build/nrf52840_xxaa/nrf_memobj.c.o
LOAD _build/nrf52840_xxaa/nrf_pwr_mgmt.c.o
LOAD _build/nrf52840_xxaa/nrf_ringbuf.c.o
LOAD _build/nrf52840_xxaa/nrf_section_iter.c.o
LOAD _build/nrf52840_xxaa/nrf_strerror.c.o
LOAD _build/nrf52840_xxaa/system_nrf52840.c.o
LOAD _build/nrf52840_xxaa/boards.c.o
LOAD _build/nrf52840_xxaa/nrf_drv_clock.c.o
LOAD _build/nrf52840_xxaa/nrf_drv_uart.c.o
LOAD _build/nrf52840_xxaa/nrfx_clock.c.o
LOAD _build/nrf52840_xxaa/nrfx_gpiote.c.o
LOAD _build/nrf52840_xxaa/nrfx_prs.c.o
LOAD _build/nrf52840_xxaa/nrfx_uart.c.o
LOAD _build/nrf52840_xxaa/nrfx_uarte.c.o
LOAD _build/nrf52840_xxaa/main.c.o
LOAD _build/nrf52840_xxaa/SEGGER_RTT.c.o
LOAD _build/nrf52840_xxaa/SEGGER_RTT_Syscalls_GCC.c.o
LOAD _build/nrf52840_xxaa/SEGGER_RTT_printf.c.o
LOAD _build/nrf52840_xxaa/ble_advdata.c.o
LOAD _build/nrf52840_xxaa/ble_conn_params.c.o
LOAD _build/nrf52840_xxaa/ble_conn_state.c.o
LOAD _build/nrf52840_xxaa/ble_srv_common.c.o
LOAD _build/nrf52840_xxaa/nrf_ble_gatt.c.o
LOAD _build/nrf52840_xxaa/nrf_ble_qwr.c.o
LOAD _build/nrf52840_xxaa/utf.c.o
LOAD _build/nrf52840_xxaa/ble_lbs.c.o
LOAD _build/nrf52840_xxaa/nrf_sdh.c.o
LOAD _build/nrf52840_xxaa/nrf_sdh_ble.c.o
LOAD _build/nrf52840_xxaa/nrf_sdh_soc.c.o
LOAD /home/jeff/gcc-arm-none-eabi-10.3-2021.07/bin/../lib/gcc/arm-none-eabi/10.3.1/../../../../arm-none-eabi/lib/thumb/v7e-m+fp/hard/libc_nano.a
LOAD /home/jeff/gcc-arm-none-eabi-10.3-2021.07/bin/../lib/gcc/arm-none-eabi/10.3.1/../../../../arm-none-eabi/lib/thumb/v7e-m+fp/hard/libnosys.a
LOAD /home/jeff/gcc-arm-none-eabi-10.3-2021.07/bin/../lib/gcc/arm-none-eabi/10.3.1/../../../../arm-none-eabi/lib/thumb/v7e-m+fp/hard/libm.a
START GROUP
LOAD /home/jeff/gcc-arm-none-eabi-10.3-2021.07/bin/../lib/gcc/arm-none-eabi/10.3.1/thumb/v7e-m+fp/hard/libgcc.a
LOAD /home/jeff/gcc-arm-none-eabi-10.3-2021.07/bin/../lib/gcc/arm-none-eabi/10.3.1/../../../../arm-none-eabi/lib/thumb/v7e-m+fp/hard/libg_nano.a
LOAD /home/jeff/gcc-arm-none-eabi-10.3-2021.07/bin/../lib/gcc/arm-none-eabi/10.3.1/../../../../arm-none-eabi/lib/thumb/v7e-m+fp/hard/libc_nano.a
END GROUP
START GROUP
LOAD /home/jeff/gcc-arm-none-eabi-10.3-2021.07/bin/../lib/gcc/arm-none-eabi/10.3.1/thumb/v7e-m+fp/hard/libgcc.a
LOAD /home/jeff/gcc-arm-none-eabi-10.3-2021.07/bin/../lib/gcc/arm-none-eabi/10.3.1/../../../../arm-none-eabi/lib/thumb/v7e-m+fp/hard/libc_nano.a
END GROUP
LOAD /home/jeff/gcc-arm-none-eabi-10.3-2021.07/bin/../lib/gcc/arm-none-eabi/10.3.1/thumb/v7e-m+fp/hard/crtend.o
LOAD /home/jeff/gcc-arm-none-eabi-10.3-2021.07/bin/../lib/gcc/arm-none-eabi/10.3.1/thumb/v7e-m+fp/hard/crtn.o
START GROUP
LOAD /home/jeff/gcc-arm-none-eabi-10.3-2021.07/bin/../lib/gcc/arm-none-eabi/10.3.1/thumb/v7e-m+fp/hard/libgcc.a
LOAD /home/jeff/gcc-arm-none-eabi-10.3-2021.07/bin/../lib/gcc/arm-none-eabi/10.3.1/../../../../arm-none-eabi/lib/thumb/v7e-m+fp/hard/libc.a
LOAD /home/jeff/gcc-arm-none-eabi-10.3-2021.07/bin/../lib/gcc/arm-none-eabi/10.3.1/../../../../arm-none-eabi/lib/thumb/v7e-m+fp/hard/libnosys.a
END GROUP

.igot.plt       0x0000000020002384        0x0 load address 0x000000000002c9f8
 .igot.plt      0x0000000020002384        0x0 /home/jeff/gcc-arm-none-eabi-10.3-2021.07/bin/../lib/gcc/arm-none-eabi/10.3.1/thumb/v7e-m+fp/hard/crtbegin.o
                0x0000000020002384                . = ALIGN (0x4)

.mem_section_dummy_ram

.cli_sorted_cmd_ptrs
                0x0000000020002384        0x0
                [!provide]                        PROVIDE (__start_cli_sorted_cmd_ptrs = .)
 *(.cli_sorted_cmd_ptrs)
                [!provide]                        PROVIDE (__stop_cli_sorted_cmd_ptrs = .)

.fs_data        0x0000000020002384        0x0
                [!provide]                        PROVIDE (__start_fs_data = .)
 *(.fs_data)
                [!provide]                        PROVIDE (__stop_fs_data = .)

.log_dynamic_data
                0x0000000020002384        0x0
                0x0000000020002384                PROVIDE (__start_log_dynamic_data = .)
 *(SORT_BY_NAME(.log_dynamic_data*))
                [!provide]                        PROVIDE (__stop_log_dynamic_data = .)

.log_filter_data
                0x0000000020002384        0x0
                [!provide]                        PROVIDE (__start_log_filter_data = .)
 *(SORT_BY_NAME(.log_filter_data*))
                [!provide]                        PROVIDE (__stop_log_filter_data = .)

.bss            0x0000000020002388      0x9d4 load address 0x000000000002ca00
                0x0000000020002388                . = ALIGN (0x4)
                0x0000000020002388                __bss_start__ = .
 *(.bss*)
 .bss           0x0000000020002388       0x1c /home/jeff/gcc-arm-none-eabi-10.3-2021.07/bin/../lib/gcc/arm-none-eabi/10.3.1/thumb/v7e-m+fp/hard/crtbegin.o
 .bss.m_async_mode
                0x00000000200023a4        0x1 _build/nrf52840_xxaa/nrf_log_backend_uart.c.o
 *fill*         0x00000000200023a5        0x3 
 .bss.m_string_buff
                0x00000000200023a8       0x40 _build/nrf52840_xxaa/nrf_log_backend_uart.c.o
 .bss.m_xfer_done
                0x00000000200023e8        0x1 _build/nrf52840_xxaa/nrf_log_backend_uart.c.o
 *fill*         0x00000000200023e9        0x3 
 .bss.log_mempool_nrf_balloc_cb
                0x00000000200023ec        0x8 _build/nrf52840_xxaa/nrf_log_frontend.c.o
 .bss.log_mempool_nrf_balloc_pool_mem
                0x00000000200023f4       0xc0 _build/nrf52840_xxaa/nrf_log_frontend.c.o
 .bss.log_mempool_nrf_balloc_pool_stack
                0x00000000200024b4        0x8 _build/nrf52840_xxaa/nrf_log_frontend.c.o
 .bss.m_log_data
                0x00000000200024bc      0x420 _build/nrf52840_xxaa/nrf_log_frontend.c.o
 .bss.m_log_push_ringbuf_buf
                0x00000000200028dc       0x80 _build/nrf52840_xxaa/nrf_log_frontend.c.o
 .bss.m_log_push_ringbuf_cb
                0x000000002000295c       0x18 _build/nrf52840_xxaa/nrf_log_frontend.c.o
 .bss.m_button_count
                0x0000000020002974        0x1 _build/nrf52840_xxaa/app_button.c.o
 *fill*         0x0000000020002975        0x3 
 .bss.m_detection_delay
                0x0000000020002978        0x4 _build/nrf52840_xxaa/app_button.c.o
 .bss.m_detection_delay_timer_id_data
                0x000000002000297c       0x20 _build/nrf52840_xxaa/app_button.c.o
 *fill*         0x000000002000299c        0x4 
 .bss.m_pin_active
                0x00000000200029a0        0x8 _build/nrf52840_xxaa/app_button.c.o
 .bss.m_pin_states
                0x00000000200029a8       0x20 _build/nrf52840_xxaa/app_button.c.o
 .bss.mp_buttons
                0x00000000200029c8        0x4 _build/nrf52840_xxaa/app_button.c.o
 .bss.m_op_queue
                0x00000000200029cc      0x10c _build/nrf52840_xxaa/app_timer.c.o
 .bss.m_rtc1_reset
                0x0000000020002ad8        0x1 _build/nrf52840_xxaa/app_timer.c.o
 .bss.m_rtc1_running
                0x0000000020002ad9        0x1 _build/nrf52840_xxaa/app_timer.c.o
 *fill*         0x0000000020002ada        0x2 
 .bss.m_ticks_elapsed
                0x0000000020002adc        0x8 _build/nrf52840_xxaa/app_timer.c.o
 .bss.m_ticks_elapsed_q_read_ind
                0x0000000020002ae4        0x1 _build/nrf52840_xxaa/app_timer.c.o
 .bss.m_ticks_elapsed_q_write_ind
                0x0000000020002ae5        0x1 _build/nrf52840_xxaa/app_timer.c.o
 *fill*         0x0000000020002ae6        0x2 
 .bss.m_ticks_latest
                0x0000000020002ae8        0x4 _build/nrf52840_xxaa/app_timer.c.o
 .bss.mp_timer_id_head
                0x0000000020002aec        0x4 _build/nrf52840_xxaa/app_timer.c.o
 .bss.nrf_nvic_state
                0x0000000020002af0        0xc _build/nrf52840_xxaa/app_util_platform.c.o
                0x0000000020002af0                nrf_nvic_state
 .bss.m_handlers_iter
                0x0000000020002afc        0x8 _build/nrf52840_xxaa/nrf_pwr_mgmt.c.o
 .bss.m_shutdown_started
                0x0000000020002b04        0x1 _build/nrf52840_xxaa/nrf_pwr_mgmt.c.o
 *fill*         0x0000000020002b05        0x3 
 .bss.m_sysoff_mtx
                0x0000000020002b08        0x4 _build/nrf52840_xxaa/nrf_pwr_mgmt.c.o
 .bss.m_clock_cb
                0x0000000020002b0c       0x14 _build/nrf52840_xxaa/nrf_drv_clock.c.o
 .bss.m_contexts
                0x0000000020002b20        0x8 _build/nrf52840_xxaa/nrf_drv_uart.c.o
 .bss.m_handlers
                0x0000000020002b28        0x8 _build/nrf52840_xxaa/nrf_drv_uart.c.o
 .bss.nrf_drv_uart_use_easy_dma
                0x0000000020002b30        0x2 _build/nrf52840_xxaa/nrf_drv_uart.c.o
                0x0000000020002b30                nrf_drv_uart_use_easy_dma
 *fill*         0x0000000020002b32        0x2 
 .bss.m_clock_cb
                0x0000000020002b34        0x8 _build/nrf52840_xxaa/nrfx_clock.c.o
 *fill*         0x0000000020002b3c        0x4 
 .bss.m_cb      0x0000000020002b40       0x6c _build/nrf52840_xxaa/nrfx_gpiote.c.o
 .bss.m_prs_box_4
                0x0000000020002bac        0x8 _build/nrf52840_xxaa/nrfx_prs.c.o
 *fill*         0x0000000020002bb4        0x4 
 .bss.m_cb      0x0000000020002bb8       0x2c _build/nrf52840_xxaa/nrfx_uart.c.o
 *fill*         0x0000000020002be4        0x4 
 .bss.m_cb      0x0000000020002be8       0x24 _build/nrf52840_xxaa/nrfx_uarte.c.o
 .bss.m_enc_advdata
                0x0000000020002c0c       0x1f _build/nrf52840_xxaa/main.c.o
 *fill*         0x0000000020002c2b        0x1 
 .bss.m_enc_scan_response_data
                0x0000000020002c2c       0x1f _build/nrf52840_xxaa/main.c.o
 *fill*         0x0000000020002c4b        0x1 
 .bss.m_gatt    0x0000000020002c4c       0x14 _build/nrf52840_xxaa/main.c.o
 .bss.m_lbs     0x0000000020002c60       0x18 _build/nrf52840_xxaa/main.c.o
 .bss.m_qwr     0x0000000020002c78        0xc _build/nrf52840_xxaa/main.c.o
 .bss.m_conn_params_config
                0x0000000020002c84       0x1c _build/nrf52840_xxaa/ble_conn_params.c.o
 .bss.m_conn_params_instances
                0x0000000020002ca0       0x14 _build/nrf52840_xxaa/ble_conn_params.c.o
 .bss.m_preferred_conn_params
                0x0000000020002cb4        0x8 _build/nrf52840_xxaa/ble_conn_params.c.o
 .bss.m_timer_data
                0x0000000020002cbc       0x20 _build/nrf52840_xxaa/ble_conn_params.c.o
 .bss.m_bcs     0x0000000020002cdc       0x7c _build/nrf52840_xxaa/ble_conn_state.c.o
 .bss.m_nrf_sdh_continue
                0x0000000020002d58        0x1 _build/nrf52840_xxaa/nrf_sdh.c.o
 .bss.m_nrf_sdh_enabled
                0x0000000020002d59        0x1 _build/nrf52840_xxaa/nrf_sdh.c.o
 .bss.m_nrf_sdh_suspended
                0x0000000020002d5a        0x1 _build/nrf52840_xxaa/nrf_sdh.c.o
 .bss.m_stack_is_enabled
                0x0000000020002d5b        0x1 _build/nrf52840_xxaa/nrf_sdh_ble.c.o
 *(COMMON)
                0x0000000020002d5c                . = ALIGN (0x4)
                0x0000000020002d5c                __bss_end__ = .

.heap           0x0000000020002d60     0x2000
                0x0000000020002d60                __HeapBase = .
                0x0000000020002d60                __end__ = .
                [!provide]                        PROVIDE (end = .)
 *(.heap*)
 .heap          0x0000000020002d60     0x2000 _build/nrf52840_xxaa/gcc_startup_nrf52840.S.o
                0x0000000020004d60                __HeapLimit = .

.stack_dummy    0x0000000020002d60     0x2000
 *(.stack*)
 .stack         0x0000000020002d60     0x2000 _build/nrf52840_xxaa/gcc_startup_nrf52840.S.o
                0x0000000020040000                __StackTop = (ORIGIN (RAM) + LENGTH (RAM))
                0x000000002003e000                __StackLimit = (__StackTop - SIZEOF (.stack_dummy))
                0x0000000020040000                PROVIDE (__stack = __StackTop)
                0x0000000000000001                ASSERT ((__StackLimit >= __HeapLimit), region RAM overflowed with stack)
                0x00000000000000a8                DataInitFlashUsed = (__bss_start__ - __data_start__)
                0x0000000000006954                CodeFlashUsed = (__etext - ORIGIN (FLASH))
                0x00000000000069fc                TotalFlashUsed = (CodeFlashUsed + DataInitFlashUsed)
                0x0000000000000001                ASSERT ((TotalFlashUsed <= LENGTH (FLASH)), region FLASH overflowed with .data and user data)
OUTPUT(_build/nrf52840_xxaa.out elf32-littlearm)
LOAD linker stubs

.ARM.attributes
                0x0000000000000000       0x30
 .ARM.attributes
                0x0000000000000000       0x1e /home/jeff/gcc-arm-none-eabi-10.3-2021.07/bin/../lib/gcc/arm-none-eabi/10.3.1/thumb/v7e-m+fp/hard/crti.o
 .ARM.attributes
                0x000000000000001e       0x34 /home/jeff/gcc-arm-none-eabi-10.3-2021.07/bin/../lib/gcc/arm-none-eabi/10.3.1/thumb/v7e-m+fp/hard/crtbegin.o
 .ARM.attributes
                0x0000000000000052       0x1c /home/jeff/gcc-arm-none-eabi-10.3-2021.07/bin/../lib/gcc/arm-none-eabi/10.3.1/../../../../arm-none-eabi/lib/thumb/v7e-m+fp/hard/crt0.o
 .ARM.attributes
                0x000000000000006e       0x20 _build/nrf52840_xxaa/gcc_startup_nrf52840.S.o
 .ARM.attributes
                0x000000000000008e       0x34 _build/nrf52840_xxaa/nrf_log_backend_serial.c.o
 .ARM.attributes
                0x00000000000000c2       0x34 _build/nrf52840_xxaa/nrf_log_backend_uart.c.o
 .ARM.attributes
                0x00000000000000f6       0x34 _build/nrf52840_xxaa/nrf_log_default_backends.c.o
 .ARM.attributes
                0x000000000000012a       0x34 _build/nrf52840_xxaa/nrf_log_frontend.c.o
 .ARM.attributes
                0x000000000000015e       0x34 _build/nrf52840_xxaa/nrf_log_str_formatter.c.o
 .ARM.attributes
                0x0000000000000192       0x34 _build/nrf52840_xxaa/app_button.c.o
 .ARM.attributes
                0x00000000000001c6       0x34 _build/nrf52840_xxaa/app_error.c.o
 .ARM.attributes
                0x00000000000001fa       0x34 _build/nrf52840_xxaa/app_error_weak.c.o
 .ARM.attributes
                0x000000000000022e       0x34 _build/nrf52840_xxaa/app_timer.c.o
 .ARM.attributes
                0x0000000000000262       0x34 _build/nrf52840_xxaa/app_util_platform.c.o
 .ARM.attributes
                0x0000000000000296       0x34 _build/nrf52840_xxaa/nrf_atflags.c.o
 .ARM.attributes
                0x00000000000002ca       0x34 _build/nrf52840_xxaa/nrf_atomic.c.o
 .ARM.attributes
                0x00000000000002fe       0x34 _build/nrf52840_xxaa/nrf_balloc.c.o
 .ARM.attributes
                0x0000000000000332       0x34 _build/nrf52840_xxaa/nrf_fprintf.c.o
 .ARM.attributes
                0x0000000000000366       0x34 _build/nrf52840_xxaa/nrf_fprintf_format.c.o
 .ARM.attributes
                0x000000000000039a       0x34 _build/nrf52840_xxaa/nrf_memobj.c.o
 .ARM.attributes
                0x00000000000003ce       0x34 _build/nrf52840_xxaa/nrf_pwr_mgmt.c.o
 .ARM.attributes
                0x0000000000000402       0x34 _build/nrf52840_xxaa/nrf_ringbuf.c.o
 .ARM.attributes
                0x0000000000000436       0x34 _build/nrf52840_xxaa/nrf_section_iter.c.o
 .ARM.attributes
                0x000000000000046a       0x34 _build/nrf52840_xxaa/nrf_strerror.c.o
 .ARM.attributes
                0x000000000000049e       0x34 _build/nrf52840_xxaa/system_nrf52840.c.o
 .ARM.attributes
                0x00000000000004d2       0x34 _build/nrf52840_xxaa/boards.c.o
 .ARM.attributes
                0x0000000000000506       0x34 _build/nrf52840_xxaa/nrf_drv_clock.c.o
 .ARM.attributes
                0x000000000000053a       0x34 _build/nrf52840_xxaa/nrf_drv_uart.c.o
 .ARM.attributes
                0x000000000000056e       0x34 _build/nrf52840_xxaa/nrfx_clock.c.o
 .ARM.attributes
                0x00000000000005a2       0x34 _build/nrf52840_xxaa/nrfx_gpiote.c.o
 .ARM.attributes
                0x00000000000005d6       0x34 _build/nrf52840_xxaa/nrfx_prs.c.o
 .ARM.attributes
                0x000000000000060a       0x34 _build/nrf52840_xxaa/nrfx_uart.c.o
 .ARM.attributes
                0x000000000000063e       0x34 _build/nrf52840_xxaa/nrfx_uarte.c.o
 .ARM.attributes
                0x0000000000000672       0x34 _build/nrf52840_xxaa/main.c.o
 .ARM.attributes
                0x00000000000006a6       0x34 _build/nrf52840_xxaa/ble_advdata.c.o
 .ARM.attributes
                0x00000000000006da       0x34 _build/nrf52840_xxaa/ble_conn_params.c.o
 .ARM.attributes
                0x000000000000070e       0x34 _build/nrf52840_xxaa/ble_conn_state.c.o
 .ARM.attributes
                0x0000000000000742       0x34 _build/nrf52840_xxaa/ble_srv_common.c.o
 .ARM.attributes
                0x0000000000000776       0x34 _build/nrf52840_xxaa/nrf_ble_gatt.c.o
 .ARM.attributes
                0x00000000000007aa       0x34 _build/nrf52840_xxaa/nrf_ble_qwr.c.o
 .ARM.attributes
                0x00000000000007de       0x34 _build/nrf52840_xxaa/ble_lbs.c.o
 .ARM.attributes
                0x0000000000000812       0x34 _build/nrf52840_xxaa/nrf_sdh.c.o
 .ARM.attributes
                0x0000000000000846       0x34 _build/nrf52840_xxaa/nrf_sdh_ble.c.o
 .ARM.attributes
                0x000000000000087a       0x34 _build/nrf52840_xxaa/nrf_sdh_soc.c.o
 .ARM.attributes
                0x00000000000008ae       0x32 /home/jeff/gcc-arm-none-eabi-10.3-2021.07/bin/../lib/gcc/arm-none-eabi/10.3.1/../../../../arm-none-eabi/lib/thumb/v7e-m+fp/hard/libc_nano.a(lib_a-ctype_.o)
 .ARM.attributes
                0x00000000000008e0       0x34 /home/jeff/gcc-arm-none-eabi-10.3-2021.07/bin/../lib/gcc/arm-none-eabi/10.3.1/../../../../arm-none-eabi/lib/thumb/v7e-m+fp/hard/libc_nano.a(lib_a-exit.o)
 .ARM.attributes
                0x0000000000000914       0x32 /home/jeff/gcc-arm-none-eabi-10.3-2021.07/bin/../lib/gcc/arm-none-eabi/10.3.1/../../../../arm-none-eabi/lib/thumb/v7e-m+fp/hard/libc_nano.a(lib_a-impure.o)
 .ARM.attributes
                0x0000000000000946       0x34 /home/jeff/gcc-arm-none-eabi-10.3-2021.07/bin/../lib/gcc/arm-none-eabi/10.3.1/../../../../arm-none-eabi/lib/thumb/v7e-m+fp/hard/libc_nano.a(lib_a-init.o)
 .ARM.attributes
                0x000000000000097a       0x34 /home/jeff/gcc-arm-none-eabi-10.3-2021.07/bin/../lib/gcc/arm-none-eabi/10.3.1/../../../../arm-none-eabi/lib/thumb/v7e-m+fp/hard/libc_nano.a(lib_a-memcpy-stub.o)
 .ARM.attributes
                0x00000000000009ae       0x34 /home/jeff/gcc-arm-none-eabi-10.3-2021.07/bin/../lib/gcc/arm-none-eabi/10.3.1/../../../../arm-none-eabi/lib/thumb/v7e-m+fp/hard/libc_nano.a(lib_a-memset.o)
 .ARM.attributes
                0x00000000000009e2       0x17 /home/jeff/gcc-arm-none-eabi-10.3-2021.07/bin/../lib/gcc/arm-none-eabi/10.3.1/../../../../arm-none-eabi/lib/thumb/v7e-m+fp/hard/libc_nano.a(lib_a-strlen.o)
 .ARM.attributes
                0x00000000000009f9       0x34 /home/jeff/gcc-arm-none-eabi-10.3-2021.07/bin/../lib/gcc/arm-none-eabi/10.3.1/../../../../arm-none-eabi/lib/thumb/v7e-m+fp/hard/libnosys.a(_exit.o)
 .ARM.attributes
                0x0000000000000a2d       0x32 /home/jeff/gcc-arm-none-eabi-10.3-2021.07/bin/../lib/gcc/arm-none-eabi/10.3.1/thumb/v7e-m+fp/hard/crtend.o
 .ARM.attributes
                0x0000000000000a5f       0x1e /home/jeff/gcc-arm-none-eabi-10.3-2021.07/bin/../lib/gcc/arm-none-eabi/10.3.1/thumb/v7e-m+fp/hard/crtn.o

.comment        0x0000000000000000       0x49
 .comment       0x0000000000000000       0x49 _build/nrf52840_xxaa/nrf_log_backend_serial.c.o
                                         0x4a (size before relaxing)
 .comment       0x0000000000000049       0x4a _build/nrf52840_xxaa/nrf_log_backend_uart.c.o
 .comment       0x0000000000000049       0x4a _build/nrf52840_xxaa/nrf_log_default_backends.c.o
 .comment       0x0000000000000049       0x4a _build/nrf52840_xxaa/nrf_log_frontend.c.o
 .comment       0x0000000000000049       0x4a _build/nrf52840_xxaa/nrf_log_str_formatter.c.o
 .comment       0x0000000000000049       0x4a _build/nrf52840_xxaa/app_button.c.o
 .comment       0x0000000000000049       0x4a _build/nrf52840_xxaa/app_error.c.o
 .comment       0x0000000000000049       0x4a _build/nrf52840_xxaa/app_error_weak.c.o
 .comment       0x0000000000000049       0x4a _build/nrf52840_xxaa/app_timer.c.o
 .comment       0x0000000000000049       0x4a _build/nrf52840_xxaa/app_util_platform.c.o
 .comment       0x0000000000000049       0x4a _build/nrf52840_xxaa/nrf_atflags.c.o
 .comment       0x0000000000000049       0x4a _build/nrf52840_xxaa/nrf_atomic.c.o
 .comment       0x0000000000000049       0x4a _build/nrf52840_xxaa/nrf_balloc.c.o
 .comment       0x0000000000000049       0x4a _build/nrf52840_xxaa/nrf_fprintf.c.o
 .comment       0x0000000000000049       0x4a _build/nrf52840_xxaa/nrf_fprintf_format.c.o
 .comment       0x0000000000000049       0x4a _build/nrf52840_xxaa/nrf_memobj.c.o
 .comment       0x0000000000000049       0x4a _build/nrf52840_xxaa/nrf_pwr_mgmt.c.o
 .comment       0x0000000000000049       0x4a _build/nrf52840_xxaa/nrf_ringbuf.c.o
 .comment       0x0000000000000049       0x4a _build/nrf52840_xxaa/nrf_section_iter.c.o
 .comment       0x0000000000000049       0x4a _build/nrf52840_xxaa/nrf_strerror.c.o
 .comment       0x0000000000000049       0x4a _build/nrf52840_xxaa/system_nrf52840.c.o
 .comment       0x0000000000000049       0x4a _build/nrf52840_xxaa/boards.c.o
 .comment       0x0000000000000049       0x4a _build/nrf52840_xxaa/nrf_drv_clock.c.o
 .comment       0x0000000000000049       0x4a _build/nrf52840_xxaa/nrf_drv_uart.c.o
 .comment       0x0000000000000049       0x4a _build/nrf52840_xxaa/nrfx_clock.c.o
 .comment       0x0000000000000049       0x4a _build/nrf52840_xxaa/nrfx_gpiote.c.o
 .comment       0x0000000000000049       0x4a _build/nrf52840_xxaa/nrfx_prs.c.o
 .comment       0x0000000000000049       0x4a _build/nrf52840_xxaa/nrfx_uart.c.o
 .comment       0x0000000000000049       0x4a _build/nrf52840_xxaa/nrfx_uarte.c.o
 .comment       0x0000000000000049       0x4a _build/nrf52840_xxaa/main.c.o
 .comment       0x0000000000000049       0x4a _build/nrf52840_xxaa/ble_advdata.c.o
 .comment       0x0000000000000049       0x4a _build/nrf52840_xxaa/ble_conn_params.c.o
 .comment       0x0000000000000049       0x4a _build/nrf52840_xxaa/ble_conn_state.c.o
 .comment       0x0000000000000049       0x4a _build/nrf52840_xxaa/ble_srv_common.c.o
 .comment       0x0000000000000049       0x4a _build/nrf52840_xxaa/nrf_ble_gatt.c.o
 .comment       0x0000000000000049       0x4a _build/nrf52840_xxaa/nrf_ble_qwr.c.o
 .comment       0x0000000000000049       0x4a _build/nrf52840_xxaa/ble_lbs.c.o
 .comment       0x0000000000000049       0x4a _build/nrf52840_xxaa/nrf_sdh.c.o
 .comment       0x0000000000000049       0x4a _build/nrf52840_xxaa/nrf_sdh_ble.c.o
 .comment       0x0000000000000049       0x4a _build/nrf52840_xxaa/nrf_sdh_soc.c.o

.debug_line     0x0000000000000000    0x257b1
 .debug_line    0x0000000000000000       0x92 _build/nrf52840_xxaa/gcc_startup_nrf52840.S.o
 .debug_line    0x0000000000000092      0x94d _build/nrf52840_xxaa/nrf_log_backend_serial.c.o
 .debug_line    0x00000000000009df      0xcbf _build/nrf52840_xxaa/nrf_log_backend_uart.c.o
 .debug_line    0x000000000000169e      0x835 _build/nrf52840_xxaa/nrf_log_default_backends.c.o
 .debug_line    0x0000000000001ed3     0x2b9b _build/nrf52840_xxaa/nrf_log_frontend.c.o
 .debug_line    0x0000000000004a6e      0xaa3 _build/nrf52840_xxaa/nrf_log_str_formatter.c.o
 .debug_line    0x0000000000005511     0x138a _build/nrf52840_xxaa/app_button.c.o
 .debug_line    0x000000000000689b      0x5b0 _build/nrf52840_xxaa/app_error.c.o
 .debug_line    0x0000000000006e4b      0x942 _build/nrf52840_xxaa/app_error_weak.c.o
 .debug_line    0x000000000000778d     0x184b _build/nrf52840_xxaa/app_timer.c.o
 .debug_line    0x0000000000008fd8      0x7f4 _build/nrf52840_xxaa/app_util_platform.c.o
 .debug_line    0x00000000000097cc      0x904 _build/nrf52840_xxaa/nrf_atflags.c.o
 .debug_line    0x000000000000a0d0      0x91a _build/nrf52840_xxaa/nrf_atomic.c.o
 .debug_line    0x000000000000a9ea      0x97e _build/nrf52840_xxaa/nrf_balloc.c.o
 .debug_line    0x000000000000b368      0x5e8 _build/nrf52840_xxaa/nrf_fprintf.c.o
 .debug_line    0x000000000000b950      0xebd _build/nrf52840_xxaa/nrf_fprintf_format.c.o
 .debug_line    0x000000000000c80d      0xc31 _build/nrf52840_xxaa/nrf_memobj.c.o
 .debug_line    0x000000000000d43e      0xf92 _build/nrf52840_xxaa/nrf_pwr_mgmt.c.o
 .debug_line    0x000000000000e3d0      0xa63 _build/nrf52840_xxaa/nrf_ringbuf.c.o
 .debug_line    0x000000000000ee33      0x5fe _build/nrf52840_xxaa/nrf_section_iter.c.o
 .debug_line    0x000000000000f431      0x63a _build/nrf52840_xxaa/nrf_strerror.c.o
 .debug_line    0x000000000000fa6b      0x7a5 _build/nrf52840_xxaa/system_nrf52840.c.o
 .debug_line    0x0000000000010210      0xf98 _build/nrf52840_xxaa/boards.c.o
 .debug_line    0x00000000000111a8     0x1324 _build/nrf52840_xxaa/nrf_drv_clock.c.o
 .debug_line    0x00000000000124cc      0x90e _build/nrf52840_xxaa/nrf_drv_uart.c.o
 .debug_line    0x0000000000012dda     0x1141 _build/nrf52840_xxaa/nrfx_clock.c.o
 .debug_line    0x0000000000013f1b     0x3205 _build/nrf52840_xxaa/nrfx_gpiote.c.o
 .debug_line    0x0000000000017120      0xa38 _build/nrf52840_xxaa/nrfx_prs.c.o
 .debug_line    0x0000000000017b58     0x2019 _build/nrf52840_xxaa/nrfx_uart.c.o
 .debug_line    0x0000000000019b71     0x1f74 _build/nrf52840_xxaa/nrfx_uarte.c.o
 .debug_line    0x000000000001bae5     0x15cc _build/nrf52840_xxaa/main.c.o
 .debug_line    0x000000000001d0b1     0x14c0 _build/nrf52840_xxaa/ble_advdata.c.o
 .debug_line    0x000000000001e571      0xea5 _build/nrf52840_xxaa/ble_conn_params.c.o
 .debug_line    0x000000000001f416     0x126d _build/nrf52840_xxaa/ble_conn_state.c.o
 .debug_line    0x0000000000020683      0xae0 _build/nrf52840_xxaa/ble_srv_common.c.o
 .debug_line    0x0000000000021163      0xe70 _build/nrf52840_xxaa/nrf_ble_gatt.c.o
 .debug_line    0x0000000000021fd3      0x8f3 _build/nrf52840_xxaa/nrf_ble_qwr.c.o
 .debug_line    0x00000000000228c6      0x941 _build/nrf52840_xxaa/ble_lbs.c.o
 .debug_line    0x0000000000023207     0x112c _build/nrf52840_xxaa/nrf_sdh.c.o
 .debug_line    0x0000000000024333      0xc00 _build/nrf52840_xxaa/nrf_sdh_ble.c.o
 .debug_line    0x0000000000024f33      0x87e _build/nrf52840_xxaa/nrf_sdh_soc.c.o

.debug_info     0x0000000000000000    0x39361
 .debug_info    0x0000000000000000       0x26 _build/nrf52840_xxaa/gcc_startup_nrf52840.S.o
 .debug_info    0x0000000000000026      0x7cf _build/nrf52840_xxaa/nrf_log_backend_serial.c.o
 .debug_info    0x00000000000007f5     0x11ee _build/nrf52840_xxaa/nrf_log_backend_uart.c.o
 .debug_info    0x00000000000019e3      0x303 _build/nrf52840_xxaa/nrf_log_default_backends.c.o
 .debug_info    0x0000000000001ce6     0x3c0d _build/nrf52840_xxaa/nrf_log_frontend.c.o
 .debug_info    0x00000000000058f3      0x865 _build/nrf52840_xxaa/nrf_log_str_formatter.c.o
 .debug_info    0x0000000000006158     0x12e9 _build/nrf52840_xxaa/app_button.c.o
 .debug_info    0x0000000000007441      0x2c3 _build/nrf52840_xxaa/app_error.c.o
 .debug_info    0x0000000000007704      0x4b9 _build/nrf52840_xxaa/app_error_weak.c.o
 .debug_info    0x0000000000007bbd     0x2252 _build/nrf52840_xxaa/app_timer.c.o
 .debug_info    0x0000000000009e0f      0xa68 _build/nrf52840_xxaa/app_util_platform.c.o
 .debug_info    0x000000000000a877      0x718 _build/nrf52840_xxaa/nrf_atflags.c.o
 .debug_info    0x000000000000af8f      0xae3 _build/nrf52840_xxaa/nrf_atomic.c.o
 .debug_info    0x000000000000ba72      0x3e8 _build/nrf52840_xxaa/nrf_balloc.c.o
 .debug_info    0x000000000000be5a      0x24b _build/nrf52840_xxaa/nrf_fprintf.c.o
 .debug_info    0x000000000000c0a5      0xb21 _build/nrf52840_xxaa/nrf_fprintf_format.c.o
 .debug_info    0x000000000000cbc6      0xb78 _build/nrf52840_xxaa/nrf_memobj.c.o
 .debug_info    0x000000000000d73e     0x1325 _build/nrf52840_xxaa/nrf_pwr_mgmt.c.o
 .debug_info    0x000000000000ea63      0x638 _build/nrf52840_xxaa/nrf_ringbuf.c.o
 .debug_info    0x000000000000f09b      0x1aa _build/nrf52840_xxaa/nrf_section_iter.c.o
 .debug_info    0x000000000000f245      0x280 _build/nrf52840_xxaa/nrf_strerror.c.o
 .debug_info    0x000000000000f4c5     0x16d8 _build/nrf52840_xxaa/system_nrf52840.c.o
 .debug_info    0x0000000000010b9d      0xef5 _build/nrf52840_xxaa/boards.c.o
 .debug_info    0x0000000000011a92     0x192d _build/nrf52840_xxaa/nrf_drv_clock.c.o
 .debug_info    0x00000000000133bf     0x11eb _build/nrf52840_xxaa/nrf_drv_uart.c.o
 .debug_info    0x00000000000145aa     0x14a9 _build/nrf52840_xxaa/nrfx_clock.c.o
 .debug_info    0x0000000000015a53     0x3d19 _build/nrf52840_xxaa/nrfx_gpiote.c.o
 .debug_info    0x000000000001976c      0x806 _build/nrf52840_xxaa/nrfx_prs.c.o
 .debug_info    0x0000000000019f72     0x394c _build/nrf52840_xxaa/nrfx_uart.c.o
 .debug_info    0x000000000001d8be     0x38b7 _build/nrf52840_xxaa/nrfx_uarte.c.o
 .debug_info    0x0000000000021175     0x3ea2 _build/nrf52840_xxaa/main.c.o
 .debug_info    0x0000000000025017     0x206e _build/nrf52840_xxaa/ble_advdata.c.o
 .debug_info    0x0000000000027085     0x2c33 _build/nrf52840_xxaa/ble_conn_params.c.o
 .debug_info    0x0000000000029cb8     0x3030 _build/nrf52840_xxaa/ble_conn_state.c.o
 .debug_info    0x000000000002cce8      0xdc6 _build/nrf52840_xxaa/ble_srv_common.c.o
 .debug_info    0x000000000002daae     0x2a6b _build/nrf52840_xxaa/nrf_ble_gatt.c.o
 .debug_info    0x0000000000030519     0x20a5 _build/nrf52840_xxaa/nrf_ble_qwr.c.o
 .debug_info    0x00000000000325be     0x22af _build/nrf52840_xxaa/ble_lbs.c.o
 .debug_info    0x000000000003486d     0x1867 _build/nrf52840_xxaa/nrf_sdh.c.o
 .debug_info    0x00000000000360d4     0x2c92 _build/nrf52840_xxaa/nrf_sdh_ble.c.o
 .debug_info    0x0000000000038d66      0x5fb _build/nrf52840_xxaa/nrf_sdh_soc.c.o

.debug_abbrev   0x0000000000000000     0x7fef
 .debug_abbrev  0x0000000000000000       0x14 _build/nrf52840_xxaa/gcc_startup_nrf52840.S.o
 .debug_abbrev  0x0000000000000014      0x202 _build/nrf52840_xxaa/nrf_log_backend_serial.c.o
 .debug_abbrev  0x0000000000000216      0x38d _build/nrf52840_xxaa/nrf_log_backend_uart.c.o
 .debug_abbrev  0x00000000000005a3      0x190 _build/nrf52840_xxaa/nrf_log_default_backends.c.o
 .debug_abbrev  0x0000000000000733      0x5d2 _build/nrf52840_xxaa/nrf_log_frontend.c.o
 .debug_abbrev  0x0000000000000d05      0x21a _build/nrf52840_xxaa/nrf_log_str_formatter.c.o
 .debug_abbrev  0x0000000000000f1f      0x35d _build/nrf52840_xxaa/app_button.c.o
 .debug_abbrev  0x000000000000127c      0x13b _build/nrf52840_xxaa/app_error.c.o
 .debug_abbrev  0x00000000000013b7      0x218 _build/nrf52840_xxaa/app_error_weak.c.o
 .debug_abbrev  0x00000000000015cf      0x495 _build/nrf52840_xxaa/app_timer.c.o
 .debug_abbrev  0x0000000000001a64      0x2f8 _build/nrf52840_xxaa/app_util_platform.c.o
 .debug_abbrev  0x0000000000001d5c      0x213 _build/nrf52840_xxaa/nrf_atflags.c.o
 .debug_abbrev  0x0000000000001f6f      0x205 _build/nrf52840_xxaa/nrf_atomic.c.o
 .debug_abbrev  0x0000000000002174      0x201 _build/nrf52840_xxaa/nrf_balloc.c.o
 .debug_abbrev  0x0000000000002375      0x143 _build/nrf52840_xxaa/nrf_fprintf.c.o
 .debug_abbrev  0x00000000000024b8      0x2db _build/nrf52840_xxaa/nrf_fprintf_format.c.o
 .debug_abbrev  0x0000000000002793      0x285 _build/nrf52840_xxaa/nrf_memobj.c.o
 .debug_abbrev  0x0000000000002a18      0x462 _build/nrf52840_xxaa/nrf_pwr_mgmt.c.o
 .debug_abbrev  0x0000000000002e7a      0x166 _build/nrf52840_xxaa/nrf_ringbuf.c.o
 .debug_abbrev  0x0000000000002fe0       0xba _build/nrf52840_xxaa/nrf_section_iter.c.o
 .debug_abbrev  0x000000000000309a      0x15b _build/nrf52840_xxaa/nrf_strerror.c.o
 .debug_abbrev  0x00000000000031f5      0x25b _build/nrf52840_xxaa/system_nrf52840.c.o
 .debug_abbrev  0x0000000000003450      0x345 _build/nrf52840_xxaa/boards.c.o
 .debug_abbrev  0x0000000000003795      0x521 _build/nrf52840_xxaa/nrf_drv_clock.c.o
 .debug_abbrev  0x0000000000003cb6      0x22a _build/nrf52840_xxaa/nrf_drv_uart.c.o
 .debug_abbrev  0x0000000000003ee0      0x489 _build/nrf52840_xxaa/nrfx_clock.c.o
 .debug_abbrev  0x0000000000004369      0x4f4 _build/nrf52840_xxaa/nrfx_gpiote.c.o
 .debug_abbrev  0x000000000000485d      0x282 _build/nrf52840_xxaa/nrfx_prs.c.o
 .debug_abbrev  0x0000000000004adf      0x4f2 _build/nrf52840_xxaa/nrfx_uart.c.o
 .debug_abbrev  0x0000000000004fd1      0x4b5 _build/nrf52840_xxaa/nrfx_uarte.c.o
 .debug_abbrev  0x0000000000005486      0x4aa _build/nrf52840_xxaa/main.c.o
 .debug_abbrev  0x0000000000005930      0x3cd _build/nrf52840_xxaa/ble_advdata.c.o
 .debug_abbrev  0x0000000000005cfd      0x515 _build/nrf52840_xxaa/ble_conn_params.c.o
 .debug_abbrev  0x0000000000006212      0x51b _build/nrf52840_xxaa/ble_conn_state.c.o
 .debug_abbrev  0x000000000000672d      0x286 _build/nrf52840_xxaa/ble_srv_common.c.o
 .debug_abbrev  0x00000000000069b3      0x47b _build/nrf52840_xxaa/nrf_ble_gatt.c.o
 .debug_abbrev  0x0000000000006e2e      0x34e _build/nrf52840_xxaa/nrf_ble_qwr.c.o
 .debug_abbrev  0x000000000000717c      0x33d _build/nrf52840_xxaa/ble_lbs.c.o
 .debug_abbrev  0x00000000000074b9      0x4d1 _build/nrf52840_xxaa/nrf_sdh.c.o
 .debug_abbrev  0x000000000000798a      0x465 _build/nrf52840_xxaa/nrf_sdh_ble.c.o
 .debug_abbrev  0x0000000000007def      0x200 _build/nrf52840_xxaa/nrf_sdh_soc.c.o

.debug_aranges  0x0000000000000000      0xe10
 .debug_aranges
                0x0000000000000000       0x20 _build/nrf52840_xxaa/gcc_startup_nrf52840.S.o
 .debug_aranges
                0x0000000000000020       0x20 _build/nrf52840_xxaa/nrf_log_backend_serial.c.o
 .debug_aranges
                0x0000000000000040       0x48 _build/nrf52840_xxaa/nrf_log_backend_uart.c.o
 .debug_aranges
                0x0000000000000088       0x20 _build/nrf52840_xxaa/nrf_log_default_backends.c.o
 .debug_aranges
                0x00000000000000a8       0xb8 _build/nrf52840_xxaa/nrf_log_frontend.c.o
 .debug_aranges
                0x0000000000000160       0x38 _build/nrf52840_xxaa/nrf_log_str_formatter.c.o
 .debug_aranges
                0x0000000000000198       0x50 _build/nrf52840_xxaa/app_button.c.o
 .debug_aranges
                0x00000000000001e8       0x28 _build/nrf52840_xxaa/app_error.c.o
 .debug_aranges
                0x0000000000000210       0x20 _build/nrf52840_xxaa/app_error_weak.c.o
 .debug_aranges
                0x0000000000000230       0x70 _build/nrf52840_xxaa/app_timer.c.o
 .debug_aranges
                0x00000000000002a0       0x48 _build/nrf52840_xxaa/app_util_platform.c.o
 .debug_aranges
                0x00000000000002e8       0x58 _build/nrf52840_xxaa/nrf_atflags.c.o
 .debug_aranges
                0x0000000000000340       0xb0 _build/nrf52840_xxaa/nrf_atomic.c.o
 .debug_aranges
                0x00000000000003f0       0x30 _build/nrf52840_xxaa/nrf_balloc.c.o
 .debug_aranges
                0x0000000000000420       0x28 _build/nrf52840_xxaa/nrf_fprintf.c.o
 .debug_aranges
                0x0000000000000448       0x28 _build/nrf52840_xxaa/nrf_fprintf_format.c.o
 .debug_aranges
                0x0000000000000470       0x50 _build/nrf52840_xxaa/nrf_memobj.c.o
 .debug_aranges
                0x00000000000004c0       0x48 _build/nrf52840_xxaa/nrf_pwr_mgmt.c.o
 .debug_aranges
                0x0000000000000508       0x50 _build/nrf52840_xxaa/nrf_ringbuf.c.o
 .debug_aranges
                0x0000000000000558       0x28 _build/nrf52840_xxaa/nrf_section_iter.c.o
 .debug_aranges
                0x0000000000000580       0x28 _build/nrf52840_xxaa/nrf_strerror.c.o
 .debug_aranges
                0x00000000000005a8       0x28 _build/nrf52840_xxaa/system_nrf52840.c.o
 .debug_aranges
                0x00000000000005d0       0x78 _build/nrf52840_xxaa/boards.c.o
 .debug_aranges
                0x0000000000000648       0xa8 _build/nrf52840_xxaa/nrf_drv_clock.c.o
 .debug_aranges
                0x00000000000006f0       0x30 _build/nrf52840_xxaa/nrf_drv_uart.c.o
 .debug_aranges
                0x0000000000000720       0x78 _build/nrf52840_xxaa/nrfx_clock.c.o
 .debug_aranges
                0x0000000000000798       0xf8 _build/nrf52840_xxaa/nrfx_gpiote.c.o
 .debug_aranges
                0x0000000000000890       0x30 _build/nrf52840_xxaa/nrfx_prs.c.o
 .debug_aranges
                0x00000000000008c0       0x78 _build/nrf52840_xxaa/nrfx_uart.c.o
 .debug_aranges
                0x0000000000000938       0x68 _build/nrf52840_xxaa/nrfx_uarte.c.o
 .debug_aranges
                0x00000000000009a0       0x98 _build/nrf52840_xxaa/main.c.o
 .debug_aranges
                0x0000000000000a38       0x78 _build/nrf52840_xxaa/ble_advdata.c.o
 .debug_aranges
                0x0000000000000ab0       0x60 _build/nrf52840_xxaa/ble_conn_params.c.o
 .debug_aranges
                0x0000000000000b10       0xc8 _build/nrf52840_xxaa/ble_conn_state.c.o
 .debug_aranges
                0x0000000000000bd8       0x58 _build/nrf52840_xxaa/ble_srv_common.c.o
 .debug_aranges
                0x0000000000000c30       0x70 _build/nrf52840_xxaa/nrf_ble_gatt.c.o
 .debug_aranges
                0x0000000000000ca0       0x40 _build/nrf52840_xxaa/nrf_ble_qwr.c.o
 .debug_aranges
                0x0000000000000ce0       0x48 _build/nrf52840_xxaa/ble_lbs.c.o
 .debug_aranges
                0x0000000000000d28       0x70 _build/nrf52840_xxaa/nrf_sdh.c.o
 .debug_aranges
                0x0000000000000d98       0x50 _build/nrf52840_xxaa/nrf_sdh_ble.c.o
 .debug_aranges
                0x0000000000000de8       0x28 _build/nrf52840_xxaa/nrf_sdh_soc.c.o

.debug_str      0x0000000000000000    0xada0b
 .debug_str     0x0000000000000000       0x8f _build/nrf52840_xxaa/gcc_startup_nrf52840.S.o
 .debug_str     0x000000000000008f    0x8c20a _build/nrf52840_xxaa/nrf_log_backend_serial.c.o
                                      0x8e8ce (size before relaxing)
 .debug_str     0x000000000008c299     0x86d9 _build/nrf52840_xxaa/nrf_log_backend_uart.c.o
                                      0x969d9 (size before relaxing)
 .debug_str     0x0000000000094972      0x12f _build/nrf52840_xxaa/nrf_log_default_backends.c.o
                                      0x8e670 (size before relaxing)
 .debug_str     0x0000000000094aa1     0x14a6 _build/nrf52840_xxaa/nrf_log_frontend.c.o
                                      0x8fc78 (size before relaxing)
 .debug_str     0x0000000000095f47      0x6af _build/nrf52840_xxaa/nrf_log_str_formatter.c.o
                                      0x8ed53 (size before relaxing)
 .debug_str     0x00000000000965f6     0x176b _build/nrf52840_xxaa/app_button.c.o
                                      0x9659a (size before relaxing)
 .debug_str     0x0000000000097d61      0x12a _build/nrf52840_xxaa/app_error.c.o
                                      0x79b81 (size before relaxing)
 .debug_str     0x0000000000097e8b      0xa44 _build/nrf52840_xxaa/app_error_weak.c.o
                                      0x8f6ad (size before relaxing)
 .debug_str     0x00000000000988cf      0xb2b _build/nrf52840_xxaa/app_timer.c.o
                                      0x935f5 (size before relaxing)
 .debug_str     0x00000000000993fa      0x295 _build/nrf52840_xxaa/app_util_platform.c.o
                                      0x7afce (size before relaxing)
 .debug_str     0x000000000009968f      0x3d3 _build/nrf52840_xxaa/nrf_atflags.c.o
                                      0x89be6 (size before relaxing)
 .debug_str     0x0000000000099a62      0x664 _build/nrf52840_xxaa/nrf_atomic.c.o
                                      0x89f1d (size before relaxing)
 .debug_str     0x000000000009a0c6      0x138 _build/nrf52840_xxaa/nrf_balloc.c.o
                                      0x8e670 (size before relaxing)
 .debug_str     0x000000000009a1fe      0x14d _build/nrf52840_xxaa/nrf_fprintf.c.o
                                      0x89b62 (size before relaxing)
 .debug_str     0x000000000009a34b      0x51a _build/nrf52840_xxaa/nrf_fprintf_format.c.o
                                      0x8a071 (size before relaxing)
 .debug_str     0x000000000009a865      0x1ae _build/nrf52840_xxaa/nrf_memobj.c.o
                                      0x8c9fe (size before relaxing)
 .debug_str     0x000000000009aa13     0x1796 _build/nrf52840_xxaa/nrf_pwr_mgmt.c.o
                                      0x97d69 (size before relaxing)
 .debug_str     0x000000000009c1a9       0xe5 _build/nrf52840_xxaa/nrf_ringbuf.c.o
                                      0x8b2d5 (size before relaxing)
 .debug_str     0x000000000009c28e       0x5d _build/nrf52840_xxaa/nrf_section_iter.c.o
                                      0x89d31 (size before relaxing)
 .debug_str     0x000000000009c2eb       0xf6 _build/nrf52840_xxaa/nrf_strerror.c.o
                                      0x898e2 (size before relaxing)
 .debug_str     0x000000000009c3e1      0x521 _build/nrf52840_xxaa/system_nrf52840.c.o
                                      0x75c2d (size before relaxing)
 .debug_str     0x000000000009c902     0x1069 _build/nrf52840_xxaa/boards.c.o
                                      0x93140 (size before relaxing)
 .debug_str     0x000000000009d96b      0xf19 _build/nrf52840_xxaa/nrf_drv_clock.c.o
                                      0x96bc1 (size before relaxing)
 .debug_str     0x000000000009e884      0x479 _build/nrf52840_xxaa/nrf_drv_uart.c.o
                                      0x93422 (size before relaxing)
 .debug_str     0x000000000009ecfd      0x7d4 _build/nrf52840_xxaa/nrfx_clock.c.o
                                      0x95e65 (size before relaxing)
 .debug_str     0x000000000009f4d1      0xe20 _build/nrf52840_xxaa/nrfx_gpiote.c.o
                                      0x9722c (size before relaxing)
 .debug_str     0x00000000000a02f1      0x31d _build/nrf52840_xxaa/nrfx_prs.c.o
                                      0x95593 (size before relaxing)
 .debug_str     0x00000000000a060e      0x68f _build/nrf52840_xxaa/nrfx_uart.c.o
                                      0x9679d (size before relaxing)
 .debug_str     0x00000000000a0c9d      0x951 _build/nrf52840_xxaa/nrfx_uarte.c.o
                                      0x96c30 (size before relaxing)
 .debug_str     0x00000000000a15ee     0x994c _build/nrf52840_xxaa/main.c.o
                                      0xa15d4 (size before relaxing)
 .debug_str     0x00000000000aaf3a      0x578 _build/nrf52840_xxaa/ble_advdata.c.o
                                      0x90df1 (size before relaxing)
 .debug_str     0x00000000000ab4b2      0x383 _build/nrf52840_xxaa/ble_conn_params.c.o
                                      0x931b6 (size before relaxing)
 .debug_str     0x00000000000ab835      0x86a _build/nrf52840_xxaa/ble_conn_state.c.o
                                      0x92892 (size before relaxing)
 .debug_str     0x00000000000ac09f      0x485 _build/nrf52840_xxaa/ble_srv_common.c.o
                                      0x8830b (size before relaxing)
 .debug_str     0x00000000000ac524      0x4b2 _build/nrf52840_xxaa/nrf_ble_gatt.c.o
                                      0x93605 (size before relaxing)
 .debug_str     0x00000000000ac9d6      0x212 _build/nrf52840_xxaa/nrf_ble_qwr.c.o
                                      0x918a8 (size before relaxing)
 .debug_str     0x00000000000acbe8      0x10e _build/nrf52840_xxaa/ble_lbs.c.o
                                      0x91e65 (size before relaxing)
 .debug_str     0x00000000000accf6      0x4d9 _build/nrf52840_xxaa/nrf_sdh.c.o
                                      0x8f1f3 (size before relaxing)
 .debug_str     0x00000000000ad1cf      0x6d7 _build/nrf52840_xxaa/nrf_sdh_ble.c.o
                                      0x94256 (size before relaxing)