Archive member included to satisfy reference by file (symbol)

/home/jeff/gcc-arm-none-eabi-10.3-2021.07/bin/../lib/gcc/arm-none-eabi/10.3.1/../../../../arm-none-eabi/lib/thumb/v7e-m+fp/hard/libc_nano.a(lib_a-ctype_.o)
                              _build/nrf52840_xxaa/nrf_log_str_formatter.c.o (_ctype_)
/home/jeff/gcc-arm-none-eabi-10.3-2021.07/bin/../lib/gcc/arm-none-eabi/10.3.1/../../../../arm-none-eabi/lib/thumb/v7e-m+fp/hard/libc_nano.a(lib_a-exit.o)
                              /home/jeff/gcc-arm-none-eabi-10.3-2021.07/bin/../lib/gcc/arm-none-eabi/10.3.1/../../../../arm-none-eabi/lib/thumb/v7e-m+fp/hard/crt0.o (exit)
/home/jeff/gcc-arm-none-eabi-10.3-2021.07/bin/../lib/gcc/arm-none-eabi/10.3.1/../../../../arm-none-eabi/lib/thumb/v7e-m+fp/hard/libc_nano.a(lib_a-impure.o)
                              /home/jeff/gcc-arm-none-eabi-10.3-2021.07/bin/../lib/gcc/arm-none-eabi/10.3.1/../../../../arm-none-eabi/lib/thumb/v7e-m+fp/hard/libc_nano.a(lib_a-exit.o) (_global_impure_ptr)
/home/jeff/gcc-arm-none-eabi-10.3-2021.07/bin/../lib/gcc/arm-none-eabi/10.3.1/../../../../arm-none-eabi/lib/thumb/v7e-m+fp/hard/libc_nano.a(lib_a-init.o)
                              /home/jeff/gcc-arm-none-eabi-10.3-2021.07/bin/../lib/gcc/arm-none-eabi/10.3.1/../../../../arm-none-eabi/lib/thumb/v7e-m+fp/hard/crt0.o (__libc_init_array)
/home/jeff/gcc-arm-none-eabi-10.3-2021.07/bin/../lib/gcc/arm-none-eabi/10.3.1/../../../../arm-none-eabi/lib/thumb/v7e-m+fp/hard/libc_nano.a(lib_a-memcpy-stub.o)
                              _build/nrf52840_xxaa/nrf_log_frontend.c.o (memcpy)
/home/jeff/gcc-arm-none-eabi-10.3-2021.07/bin/../lib/gcc/arm-none-eabi/10.3.1/../../../../arm-none-eabi/lib/thumb/v7e-m+fp/hard/libc_nano.a(lib_a-memset.o)
                              /home/jeff/gcc-arm-none-eabi-10.3-2021.07/bin/../lib/gcc/arm-none-eabi/10.3.1/../../../../arm-none-eabi/lib/thumb/v7e-m+fp/hard/crt0.o (memset)
/home/jeff/gcc-arm-none-eabi-10.3-2021.07/bin/../lib/gcc/arm-none-eabi/10.3.1/../../../../arm-none-eabi/lib/thumb/v7e-m+fp/hard/libc_nano.a(lib_a-strlen.o)
                              _build/nrf52840_xxaa/nrf_log_frontend.c.o (strlen)
/home/jeff/gcc-arm-none-eabi-10.3-2021.07/bin/../lib/gcc/arm-none-eabi/10.3.1/../../../../arm-none-eabi/lib/thumb/v7e-m+fp/hard/libnosys.a(_exit.o)
                              /home/jeff/gcc-arm-none-eabi-10.3-2021.07/bin/../lib/gcc/arm-none-eabi/10.3.1/../../../../arm-none-eabi/lib/thumb/v7e-m+fp/hard/libc_nano.a(lib_a-exit.o) (_exit)

Discarded input sections

 .text          0x0000000000000000        0x0 /home/jeff/gcc-arm-none-eabi-10.3-2021.07/bin/../lib/gcc/arm-none-eabi/10.3.1/thumb/v7e-m+fp/hard/crti.o
 .data          0x0000000000000000        0x0 /home/jeff/gcc-arm-none-eabi-10.3-2021.07/bin/../lib/gcc/arm-none-eabi/10.3.1/thumb/v7e-m+fp/hard/crti.o
 .bss           0x0000000000000000        0x0 /home/jeff/gcc-arm-none-eabi-10.3-2021.07/bin/../lib/gcc/arm-none-eabi/10.3.1/thumb/v7e-m+fp/hard/crti.o
 .data          0x0000000000000000        0x4 /home/jeff/gcc-arm-none-eabi-10.3-2021.07/bin/../lib/gcc/arm-none-eabi/10.3.1/thumb/v7e-m+fp/hard/crtbegin.o
 .rodata        0x0000000000000000       0x24 /home/jeff/gcc-arm-none-eabi-10.3-2021.07/bin/../lib/gcc/arm-none-eabi/10.3.1/thumb/v7e-m+fp/hard/crtbegin.o
 .data          0x0000000000000000        0x0 /home/jeff/gcc-arm-none-eabi-10.3-2021.07/bin/../lib/gcc/arm-none-eabi/10.3.1/../../../../arm-none-eabi/lib/thumb/v7e-m+fp/hard/crt0.o
 .bss           0x0000000000000000        0x0 /home/jeff/gcc-arm-none-eabi-10.3-2021.07/bin/../lib/gcc/arm-none-eabi/10.3.1/../../../../arm-none-eabi/lib/thumb/v7e-m+fp/hard/crt0.o
 .ARM.extab     0x0000000000000000        0x0 /home/jeff/gcc-arm-none-eabi-10.3-2021.07/bin/../lib/gcc/arm-none-eabi/10.3.1/../../../../arm-none-eabi/lib/thumb/v7e-m+fp/hard/crt0.o
 .data          0x0000000000000000        0x0 _build/nrf52840_xxaa/gcc_startup_nrf52840.S.o
 .bss           0x0000000000000000        0x0 _build/nrf52840_xxaa/gcc_startup_nrf52840.S.o
 .group         0x0000000000000000        0xc _build/nrf52840_xxaa/main.c.o
 .group         0x0000000000000000        0xc _build/nrf52840_xxaa/main.c.o
 .group         0x0000000000000000        0xc _build/nrf52840_xxaa/main.c.o
 .group         0x0000000000000000        0xc _build/nrf52840_xxaa/main.c.o
 .group         0x0000000000000000        0xc _build/nrf52840_xxaa/main.c.o
 .group         0x0000000000000000        0xc _build/nrf52840_xxaa/main.c.o
 .group         0x0000000000000000        0xc _build/nrf52840_xxaa/main.c.o
 .group         0x0000000000000000        0xc _build/nrf52840_xxaa/main.c.o
 .group         0x0000000000000000        0xc _build/nrf52840_xxaa/main.c.o
 .group         0x0000000000000000        0xc _build/nrf52840_xxaa/main.c.o
 .group         0x0000000000000000        0xc _build/nrf52840_xxaa/main.c.o
 .group         0x0000000000000000        0xc _build/nrf52840_xxaa/main.c.o
 .group         0x0000000000000000        0xc _build/nrf52840_xxaa/main.c.o
[...]
Memory Configuration

Name             Origin             Length             Attributes
FLASH            0x0000000000000000 0x0000000000100000 xr
RAM              0x0000000020000000 0x0000000000040000 xrw
*default*        0x0000000000000000 0xffffffffffffffff

Linker script and memory map


.text           0x0000000000000000      0x68c
 *(.isr_vector)
 .isr_vector    0x0000000000000000      0x200 _build/nrf52840_xxaa/gcc_startup_nrf52840.S.o
                0x0000000000000000                __isr_vector
 *(.text*)
 .text          0x0000000000000200       0x40 /home/jeff/gcc-arm-none-eabi-10.3-2021.07/bin/../lib/gcc/arm-none-eabi/10.3.1/thumb/v7e-m+fp/hard/crtbegin.o
 .text          0x0000000000000240       0x7c /home/jeff/gcc-arm-none-eabi-10.3-2021.07/bin/../lib/gcc/arm-none-eabi/10.3.1/../../../../arm-none-eabi/lib/thumb/v7e-m+fp/hard/crt0.o
                0x0000000000000240                _stack_init
                0x0000000000000248                _mainCRTStartup
                0x0000000000000248                _start
 .text          0x00000000000002bc       0x3c _build/nrf52840_xxaa/gcc_startup_nrf52840.S.o
                0x00000000000002bc                Reset_Handler
                0x00000000000002e4                NMI_Handler
                0x00000000000002e6                HardFault_Handler
                0x00000000000002e8                MemoryManagement_Handler
                0x00000000000002ea                BusFault_Handler
                0x00000000000002ec                UsageFault_Handler
                0x00000000000002ee                SVC_Handler
                0x00000000000002f0                DebugMon_Handler
                0x00000000000002f2                PendSV_Handler
                0x00000000000002f4                SysTick_Handler
                0x00000000000002f6                TIMER2_IRQHandler
                0x00000000000002f6                RTC0_IRQHandler
                0x00000000000002f6                SWI0_EGU0_IRQHandler
                0x00000000000002f6                SWI2_EGU2_IRQHandler
                0x00000000000002f6                GPIOTE_IRQHandler
                0x00000000000002f6                PWM1_IRQHandler
                0x00000000000002f6                POWER_CLOCK_IRQHandler
                0x00000000000002f6                RADIO_IRQHandler
                0x00000000000002f6                PDM_IRQHandler
                0x00000000000002f6                TEMP_IRQHandler
                0x00000000000002f6                QDEC_IRQHandler
                0x00000000000002f6                TIMER3_IRQHandler
                0x00000000000002f6                PWM3_IRQHandler
                0x00000000000002f6                FPU_IRQHandler
                0x00000000000002f6                USBD_IRQHandler
                0x00000000000002f6                SPIM0_SPIS0_TWIM0_TWIS0_SPI0_TWI0_IRQHandler
                0x00000000000002f6                UARTE0_UART0_IRQHandler
                0x00000000000002f6                TIMER4_IRQHandler
                0x00000000000002f6                CRYPTOCELL_IRQHandler
                0x00000000000002f6                I2S_IRQHandler
                0x00000000000002f6                SWI4_EGU4_IRQHandler
                0x00000000000002f6                TIMER0_IRQHandler
                0x00000000000002f6                UARTE1_IRQHandler
                0x00000000000002f6                TIMER1_IRQHandler
                0x00000000000002f6                SPIM3_IRQHandler
                0x00000000000002f6                PWM2_IRQHandler
                0x00000000000002f6                ECB_IRQHandler
                0x00000000000002f6                SPIM1_SPIS1_TWIM1_TWIS1_SPI1_TWI1_IRQHandler
                0x00000000000002f6                Default_Handler
                0x00000000000002f6                SAADC_IRQHandler
                0x00000000000002f6                CCM_AAR_IRQHandler
                0x00000000000002f6                WDT_IRQHandler
                0x00000000000002f6                SWI5_EGU5_IRQHandler
                0x00000000000002f6                RNG_IRQHandler
                0x00000000000002f6                RTC2_IRQHandler
                0x00000000000002f6                PWM0_IRQHandler
                0x00000000000002f6                SWI3_EGU3_IRQHandler
                0x00000000000002f6                RTC1_IRQHandler
                0x00000000000002f6                SWI1_EGU1_IRQHandler
                0x00000000000002f6                SPIM2_SPIS2_SPI2_IRQHandler
                0x00000000000002f6                NFCT_IRQHandler
                0x00000000000002f6                MWU_IRQHandler
                0x00000000000002f6                QSPI_IRQHandler
                0x00000000000002f6                COMP_LPCOMP_IRQHandler
 .text.startup.main
                0x00000000000002f8       0x30 _build/nrf52840_xxaa/main.c.o
                0x00000000000002f8                main
 .text.bsp_board_led_invert
                0x0000000000000328       0x34 _build/nrf52840_xxaa/boards.c.o
                0x0000000000000328                bsp_board_led_invert
 .text.bsp_board_init
                0x000000000000035c       0x54 _build/nrf52840_xxaa/boards.c.o
                0x000000000000035c                bsp_board_init
 .text.SystemInit
                0x00000000000003b0      0x224 _build/nrf52840_xxaa/system_nrf52840.c.o
                0x00000000000003b0                SystemInit
 .text.exit     0x00000000000005d4       0x28 /home/jeff/gcc-arm-none-eabi-10.3-2021.07/bin/../lib/gcc/arm-none-eabi/10.3.1/../../../../arm-none-eabi/lib/thumb/v7e-m+fp/hard/libc_nano.a(lib_a-exit.o)
                0x00000000000005d4                exit
 .text.__libc_init_array
                0x00000000000005fc       0x48 /home/jeff/gcc-arm-none-eabi-10.3-2021.07/bin/../lib/gcc/arm-none-eabi/10.3.1/../../../../arm-none-eabi/lib/thumb/v7e-m+fp/hard/libc_nano.a(lib_a-init.o)
                0x00000000000005fc                __libc_init_array
 .text.memset   0x0000000000000644       0x10 /home/jeff/gcc-arm-none-eabi-10.3-2021.07/bin/../lib/gcc/arm-none-eabi/10.3.1/../../../../arm-none-eabi/lib/thumb/v7e-m+fp/hard/libc_nano.a(lib_a-memset.o)
                0x0000000000000644                memset
 .text._exit    0x0000000000000654        0x4 /home/jeff/gcc-arm-none-eabi-10.3-2021.07/bin/../lib/gcc/arm-none-eabi/10.3.1/../../../../arm-none-eabi/lib/thumb/v7e-m+fp/hard/libnosys.a(_exit.o)
                0x0000000000000654                _exit
 *(.init)
 .init          0x0000000000000658        0x4 /home/jeff/gcc-arm-none-eabi-10.3-2021.07/bin/../lib/gcc/arm-none-eabi/10.3.1/thumb/v7e-m+fp/hard/crti.o
                0x0000000000000658                _init
 .init          0x000000000000065c        0x8 /home/jeff/gcc-arm-none-eabi-10.3-2021.07/bin/../lib/gcc/arm-none-eabi/10.3.1/thumb/v7e-m+fp/hard/crtn.o
 *(.fini)
 .fini          0x0000000000000664        0x4 /home/jeff/gcc-arm-none-eabi-10.3-2021.07/bin/../lib/gcc/arm-none-eabi/10.3.1/thumb/v7e-m+fp/hard/crti.o
                0x0000000000000664                _fini
 .fini          0x0000000000000668        0x8 /home/jeff/gcc-arm-none-eabi-10.3-2021.07/bin/../lib/gcc/arm-none-eabi/10.3.1/thumb/v7e-m+fp/hard/crtn.o
 *crtbegin.o(.ctors)
 *crtbegin?.o(.ctors)
 *(EXCLUDE_FILE(*crtend.o *crtend?.o) .ctors)
 *(SORT_BY_NAME(.ctors.*))
 *(.ctors)
 *crtbegin.o(.dtors)
 *crtbegin?.o(.dtors)
 *(EXCLUDE_FILE(*crtend.o *crtend?.o) .dtors)
 *(SORT_BY_NAME(.dtors.*))
 *(.dtors)
 *(.rodata*)
 .rodata.delay_machine_code.0
                0x0000000000000670        0x6 _build/nrf52840_xxaa/main.c.o
 *fill*         0x0000000000000676        0x2 
 .rodata.str1.4
                0x0000000000000678        0x4 _build/nrf52840_xxaa/nrf_log_frontend.c.o
 .rodata.m_board_led_list
                0x000000000000067c        0x3 _build/nrf52840_xxaa/boards.c.o
 *fill*         0x000000000000067f        0x1 
 .rodata.CSWTCH.6
                0x0000000000000680        0x4 _build/nrf52840_xxaa/system_nrf52840.c.o
 .rodata._global_impure_ptr
                0x0000000000000684        0x4 /home/jeff/gcc-arm-none-eabi-10.3-2021.07/bin/../lib/gcc/arm-none-eabi/10.3.1/../../../../arm-none-eabi/lib/thumb/v7e-m+fp/hard/libc_nano.a(lib_a-impure.o)
                0x0000000000000684                _global_impure_ptr
 *(.eh_frame*)
 .eh_frame      0x0000000000000688        0x0 /home/jeff/gcc-arm-none-eabi-10.3-2021.07/bin/../lib/gcc/arm-none-eabi/10.3.1/thumb/v7e-m+fp/hard/crtbegin.o
 .eh_frame      0x0000000000000688        0x4 /home/jeff/gcc-arm-none-eabi-10.3-2021.07/bin/../lib/gcc/arm-none-eabi/10.3.1/thumb/v7e-m+fp/hard/crtend.o

.glue_7         0x000000000000068c        0x0
 .glue_7        0x000000000000068c        0x0 linker stubs

.glue_7t        0x000000000000068c        0x0
 .glue_7t       0x000000000000068c        0x0 linker stubs

.vfp11_veneer   0x000000000000068c        0x0
 .vfp11_veneer  0x000000000000068c        0x0 linker stubs

.v4_bx          0x000000000000068c        0x0
 .v4_bx         0x000000000000068c        0x0 linker stubs

.iplt           0x000000000000068c        0x0
 .iplt          0x000000000000068c        0x0 /home/jeff/gcc-arm-none-eabi-10.3-2021.07/bin/../lib/gcc/arm-none-eabi/10.3.1/thumb/v7e-m+fp/hard/crtbegin.o

.mem_section_dummy_rom

.log_const_data
                0x000000000000068c        0x8
                0x000000000000068c                PROVIDE (__start_log_const_data = .)
 *(SORT_BY_NAME(.log_const_data*))
 .log_const_data_app
                0x000000000000068c        0x8 _build/nrf52840_xxaa/nrf_log_frontend.c.o
                0x000000000000068c                m_nrf_log_app_logs_data_const
                0x0000000000000694                PROVIDE (__stop_log_const_data = .)

.log_backends   0x0000000000000694        0x0
                [!provide]                        PROVIDE (__start_log_backends = .)
 *(SORT_BY_NAME(.log_backends*))
                [!provide]                        PROVIDE (__stop_log_backends = .)

.nrf_balloc     0x0000000000000694       0x14
                [!provide]                        PROVIDE (__start_nrf_balloc = .)
 *(.nrf_balloc)
 .nrf_balloc    0x0000000000000694       0x14 _build/nrf52840_xxaa/nrf_log_frontend.c.o
                0x0000000000000694                log_mempool
                [!provide]                        PROVIDE (__stop_nrf_balloc = .)

.ARM.extab
 *(.ARM.extab* .gnu.linkonce.armextab.*)
                0x00000000000006a8                __exidx_start = .

.ARM.exidx      0x00000000000006a8        0x8
 *(.ARM.exidx* .gnu.linkonce.armexidx.*)
 .ARM.exidx     0x00000000000006a8        0x8 /home/jeff/gcc-arm-none-eabi-10.3-2021.07/bin/../lib/gcc/arm-none-eabi/10.3.1/../../../../arm-none-eabi/lib/thumb/v7e-m+fp/hard/crt0.o
                                         0x10 (size before relaxing)
                0x00000000000006b0                __exidx_end = .

.rel.dyn        0x00000000000006b0        0x0
 .rel.iplt      0x00000000000006b0        0x0 /home/jeff/gcc-arm-none-eabi-10.3-2021.07/bin/../lib/gcc/arm-none-eabi/10.3.1/thumb/v7e-m+fp/hard/crtbegin.o
                0x00000000000006b0                . = ALIGN (0x4)
                0x00000000000006b0                __etext = .

.data           0x0000000020000000       0x6c load address 0x00000000000006b0
                0x0000000020000000                __data_start__ = .
 *(vtable)
 *(.data*)
 .data.SystemCoreClock
                0x0000000020000000        0x4 _build/nrf52840_xxaa/system_nrf52840.c.o
                0x0000000020000000                SystemCoreClock
 .data.impure_data
                0x0000000020000004       0x60 /home/jeff/gcc-arm-none-eabi-10.3-2021.07/bin/../lib/gcc/arm-none-eabi/10.3.1/../../../../arm-none-eabi/lib/thumb/v7e-m+fp/hard/libc_nano.a(lib_a-impure.o)
                0x0000000020000064                . = ALIGN (0x4)
                0x0000000020000064                PROVIDE (__preinit_array_start = .)
 *(.preinit_array)
                0x0000000020000064                PROVIDE (__preinit_array_end = .)
                0x0000000020000064                . = ALIGN (0x4)
                0x0000000020000064                PROVIDE (__init_array_start = .)
 *(SORT_BY_NAME(.init_array.*))
 *(.init_array)
 .init_array    0x0000000020000064        0x4 /home/jeff/gcc-arm-none-eabi-10.3-2021.07/bin/../lib/gcc/arm-none-eabi/10.3.1/thumb/v7e-m+fp/hard/crtbegin.o
                0x0000000020000068                PROVIDE (__init_array_end = .)
                0x0000000020000068                . = ALIGN (0x4)
                [!provide]                        PROVIDE (__fini_array_start = .)
 *(SORT_BY_NAME(.fini_array.*))
 *(.fini_array)
 .fini_array    0x0000000020000068        0x4 /home/jeff/gcc-arm-none-eabi-10.3-2021.07/bin/../lib/gcc/arm-none-eabi/10.3.1/thumb/v7e-m+fp/hard/crtbegin.o
                [!provide]                        PROVIDE (__fini_array_end = .)
 *(.jcr*)
                0x000000002000006c                . = ALIGN (0x4)
                0x000000002000006c                __data_end__ = .
LOAD /home/jeff/gcc-arm-none-eabi-10.3-2021.07/bin/../lib/gcc/arm-none-eabi/10.3.1/thumb/v7e-m+fp/hard/crti.o
LOAD /home/jeff/gcc-arm-none-eabi-10.3-2021.07/bin/../lib/gcc/arm-none-eabi/10.3.1/thumb/v7e-m+fp/hard/crtbegin.o
LOAD /home/jeff/gcc-arm-none-eabi-10.3-2021.07/bin/../lib/gcc/arm-none-eabi/10.3.1/../../../../arm-none-eabi/lib/thumb/v7e-m+fp/hard/crt0.o
LOAD _build/nrf52840_xxaa/gcc_startup_nrf52840.S.o
LOAD _build/nrf52840_xxaa/main.c.o
LOAD _build/nrf52840_xxaa/nrf_log_frontend.c.o
LOAD _build/nrf52840_xxaa/nrf_log_str_formatter.c.o
LOAD _build/nrf52840_xxaa/boards.c.o
LOAD _build/nrf52840_xxaa/app_error.c.o
LOAD _build/nrf52840_xxaa/app_error_handler_gcc.c.o
LOAD _build/nrf52840_xxaa/app_error_weak.c.o
LOAD _build/nrf52840_xxaa/app_util_platform.c.o
LOAD _build/nrf52840_xxaa/nrf_assert.c.o
LOAD _build/nrf52840_xxaa/nrf_atomic.c.o
LOAD _build/nrf52840_xxaa/nrf_balloc.c.o
LOAD _build/nrf52840_xxaa/nrf_fprintf.c.o
LOAD _build/nrf52840_xxaa/nrf_fprintf_format.c.o
LOAD _build/nrf52840_xxaa/nrf_memobj.c.o
LOAD _build/nrf52840_xxaa/nrf_ringbuf.c.o
LOAD _build/nrf52840_xxaa/nrf_strerror.c.o
LOAD _build/nrf52840_xxaa/system_nrf52840.c.o
LOAD /home/jeff/gcc-arm-none-eabi-10.3-2021.07/bin/../lib/gcc/arm-none-eabi/10.3.1/../../../../arm-none-eabi/lib/thumb/v7e-m+fp/hard/libc_nano.a
LOAD /home/jeff/gcc-arm-none-eabi-10.3-2021.07/bin/../lib/gcc/arm-none-eabi/10.3.1/../../../../arm-none-eabi/lib/thumb/v7e-m+fp/hard/libnosys.a
LOAD /home/jeff/gcc-arm-none-eabi-10.3-2021.07/bin/../lib/gcc/arm-none-eabi/10.3.1/../../../../arm-none-eabi/lib/thumb/v7e-m+fp/hard/libm.a
START GROUP
LOAD /home/jeff/gcc-arm-none-eabi-10.3-2021.07/bin/../lib/gcc/arm-none-eabi/10.3.1/thumb/v7e-m+fp/hard/libgcc.a
LOAD /home/jeff/gcc-arm-none-eabi-10.3-2021.07/bin/../lib/gcc/arm-none-eabi/10.3.1/../../../../arm-none-eabi/lib/thumb/v7e-m+fp/hard/libg_nano.a
LOAD /home/jeff/gcc-arm-none-eabi-10.3-2021.07/bin/../lib/gcc/arm-none-eabi/10.3.1/../../../../arm-none-eabi/lib/thumb/v7e-m+fp/hard/libc_nano.a
END GROUP
START GROUP
LOAD /home/jeff/gcc-arm-none-eabi-10.3-2021.07/bin/../lib/gcc/arm-none-eabi/10.3.1/thumb/v7e-m+fp/hard/libgcc.a
LOAD /home/jeff/gcc-arm-none-eabi-10.3-2021.07/bin/../lib/gcc/arm-none-eabi/10.3.1/../../../../arm-none-eabi/lib/thumb/v7e-m+fp/hard/libc_nano.a
END GROUP
LOAD /home/jeff/gcc-arm-none-eabi-10.3-2021.07/bin/../lib/gcc/arm-none-eabi/10.3.1/thumb/v7e-m+fp/hard/crtend.o
LOAD /home/jeff/gcc-arm-none-eabi-10.3-2021.07/bin/../lib/gcc/arm-none-eabi/10.3.1/thumb/v7e-m+fp/hard/crtn.o
START GROUP
LOAD /home/jeff/gcc-arm-none-eabi-10.3-2021.07/bin/../lib/gcc/arm-none-eabi/10.3.1/thumb/v7e-m+fp/hard/libgcc.a
LOAD /home/jeff/gcc-arm-none-eabi-10.3-2021.07/bin/../lib/gcc/arm-none-eabi/10.3.1/../../../../arm-none-eabi/lib/thumb/v7e-m+fp/hard/libc.a
LOAD /home/jeff/gcc-arm-none-eabi-10.3-2021.07/bin/../lib/gcc/arm-none-eabi/10.3.1/../../../../arm-none-eabi/lib/thumb/v7e-m+fp/hard/libnosys.a
END GROUP

.igot.plt       0x000000002000006c        0x0 load address 0x000000000000071c
 .igot.plt      0x000000002000006c        0x0 /home/jeff/gcc-arm-none-eabi-10.3-2021.07/bin/../lib/gcc/arm-none-eabi/10.3.1/thumb/v7e-m+fp/hard/crtbegin.o
                0x000000002000006c                . = ALIGN (0x4)

.mem_section_dummy_ram

.log_dynamic_data
                0x000000002000006c        0x0
                0x000000002000006c                PROVIDE (__start_log_dynamic_data = .)
 *(SORT_BY_NAME(.log_dynamic_data*))
                [!provide]                        PROVIDE (__stop_log_dynamic_data = .)

.log_filter_data
                0x000000002000006c        0x0
                [!provide]                        PROVIDE (__start_log_filter_data = .)
 *(SORT_BY_NAME(.log_filter_data*))
                [!provide]                        PROVIDE (__stop_log_filter_data = .)

.bss            0x000000002000006c       0xec load address 0x000000000000071c
                0x000000002000006c                . = ALIGN (0x4)
                0x000000002000006c                __bss_start__ = .
 *(.bss*)
 .bss           0x000000002000006c       0x1c /home/jeff/gcc-arm-none-eabi-10.3-2021.07/bin/../lib/gcc/arm-none-eabi/10.3.1/thumb/v7e-m+fp/hard/crtbegin.o
 .bss.log_mempool_nrf_balloc_cb
                0x0000000020000088        0x8 _build/nrf52840_xxaa/nrf_log_frontend.c.o
 .bss.log_mempool_nrf_balloc_pool_mem
                0x0000000020000090       0xc0 _build/nrf52840_xxaa/nrf_log_frontend.c.o
 .bss.log_mempool_nrf_balloc_pool_stack
                0x0000000020000150        0x8 _build/nrf52840_xxaa/nrf_log_frontend.c.o
 *(COMMON)
                0x0000000020000158                . = ALIGN (0x4)
                0x0000000020000158                __bss_end__ = .

.heap           0x0000000020000158     0x2000
                0x0000000020000158                __HeapBase = .
                0x0000000020000158                __end__ = .
                [!provide]                        PROVIDE (end = .)
 *(.heap*)
 .heap          0x0000000020000158     0x2000 _build/nrf52840_xxaa/gcc_startup_nrf52840.S.o
                0x0000000020002158                __HeapLimit = .

.stack_dummy    0x0000000020000158     0x2000
 *(.stack*)
 .stack         0x0000000020000158     0x2000 _build/nrf52840_xxaa/gcc_startup_nrf52840.S.o
                0x0000000020040000                __StackTop = (ORIGIN (RAM) + LENGTH (RAM))
                0x000000002003e000                __StackLimit = (__StackTop - SIZEOF (.stack_dummy))
                0x0000000020040000                PROVIDE (__stack = __StackTop)
                0x0000000000000001                ASSERT ((__StackLimit >= __HeapLimit), region RAM overflowed with stack)
                0x000000000000006c                DataInitFlashUsed = (__bss_start__ - __data_start__)
                0x00000000000006b0                CodeFlashUsed = (__etext - ORIGIN (FLASH))
                0x000000000000071c                TotalFlashUsed = (CodeFlashUsed + DataInitFlashUsed)
                0x0000000000000001                ASSERT ((TotalFlashUsed <= LENGTH (FLASH)), region FLASH overflowed with .data and user data)
OUTPUT(_build/nrf52840_xxaa.out elf32-littlearm)
LOAD linker stubs

.ARM.attributes
                0x0000000000000000       0x30
 .ARM.attributes
                0x0000000000000000       0x1e /home/jeff/gcc-arm-none-eabi-10.3-2021.07/bin/../lib/gcc/arm-none-eabi/10.3.1/thumb/v7e-m+fp/hard/crti.o
 .ARM.attributes
                0x000000000000001e       0x34 /home/jeff/gcc-arm-none-eabi-10.3-2021.07/bin/../lib/gcc/arm-none-eabi/10.3.1/thumb/v7e-m+fp/hard/crtbegin.o
 .ARM.attributes
                0x0000000000000052       0x1c /home/jeff/gcc-arm-none-eabi-10.3-2021.07/bin/../lib/gcc/arm-none-eabi/10.3.1/../../../../arm-none-eabi/lib/thumb/v7e-m+fp/hard/crt0.o
 .ARM.attributes
                0x000000000000006e       0x20 _build/nrf52840_xxaa/gcc_startup_nrf52840.S.o
 .ARM.attributes
                0x000000000000008e       0x34 _build/nrf52840_xxaa/main.c.o
 .ARM.attributes
                0x00000000000000c2       0x34 _build/nrf52840_xxaa/nrf_log_frontend.c.o
 .ARM.attributes
                0x00000000000000f6       0x34 _build/nrf52840_xxaa/boards.c.o
 .ARM.attributes
                0x000000000000012a       0x34 _build/nrf52840_xxaa/system_nrf52840.c.o
 .ARM.attributes
                0x000000000000015e       0x34 /home/jeff/gcc-arm-none-eabi-10.3-2021.07/bin/../lib/gcc/arm-none-eabi/10.3.1/../../../../arm-none-eabi/lib/thumb/v7e-m+fp/hard/libc_nano.a(lib_a-exit.o)
 .ARM.attributes
                0x0000000000000192       0x32 /home/jeff/gcc-arm-none-eabi-10.3-2021.07/bin/../lib/gcc/arm-none-eabi/10.3.1/../../../../arm-none-eabi/lib/thumb/v7e-m+fp/hard/libc_nano.a(lib_a-impure.o)
 .ARM.attributes
                0x00000000000001c4       0x34 /home/jeff/gcc-arm-none-eabi-10.3-2021.07/bin/../lib/gcc/arm-none-eabi/10.3.1/../../../../arm-none-eabi/lib/thumb/v7e-m+fp/hard/libc_nano.a(lib_a-init.o)
 .ARM.attributes
                0x00000000000001f8       0x34 /home/jeff/gcc-arm-none-eabi-10.3-2021.07/bin/../lib/gcc/arm-none-eabi/10.3.1/../../../../arm-none-eabi/lib/thumb/v7e-m+fp/hard/libc_nano.a(lib_a-memset.o)
 .ARM.attributes
                0x000000000000022c       0x34 /home/jeff/gcc-arm-none-eabi-10.3-2021.07/bin/../lib/gcc/arm-none-eabi/10.3.1/../../../../arm-none-eabi/lib/thumb/v7e-m+fp/hard/libnosys.a(_exit.o)
 .ARM.attributes
                0x0000000000000260       0x32 /home/jeff/gcc-arm-none-eabi-10.3-2021.07/bin/../lib/gcc/arm-none-eabi/10.3.1/thumb/v7e-m+fp/hard/crtend.o
 .ARM.attributes
                0x0000000000000292       0x1e /home/jeff/gcc-arm-none-eabi-10.3-2021.07/bin/../lib/gcc/arm-none-eabi/10.3.1/thumb/v7e-m+fp/hard/crtn.o

.comment        0x0000000000000000       0x49
 .comment       0x0000000000000000       0x49 _build/nrf52840_xxaa/main.c.o
                                         0x4a (size before relaxing)
 .comment       0x0000000000000049       0x4a _build/nrf52840_xxaa/nrf_log_frontend.c.o
 .comment       0x0000000000000049       0x4a _build/nrf52840_xxaa/boards.c.o
 .comment       0x0000000000000049       0x4a _build/nrf52840_xxaa/system_nrf52840.c.o

.debug_line     0x0000000000000000     0x3ff0
 .debug_line    0x0000000000000000       0x92 _build/nrf52840_xxaa/gcc_startup_nrf52840.S.o
 .debug_line    0x0000000000000092      0x836 _build/nrf52840_xxaa/main.c.o
 .debug_line    0x00000000000008c8     0x2086 _build/nrf52840_xxaa/nrf_log_frontend.c.o
 .debug_line    0x000000000000294e      0xefd _build/nrf52840_xxaa/boards.c.o
 .debug_line    0x000000000000384b      0x7a5 _build/nrf52840_xxaa/system_nrf52840.c.o

.debug_info     0x0000000000000000     0x5c33
 .debug_info    0x0000000000000000       0x26 _build/nrf52840_xxaa/gcc_startup_nrf52840.S.o
 .debug_info    0x0000000000000026      0x21f _build/nrf52840_xxaa/main.c.o
 .debug_info    0x0000000000000245     0x3421 _build/nrf52840_xxaa/nrf_log_frontend.c.o
 .debug_info    0x0000000000003666      0xef5 _build/nrf52840_xxaa/boards.c.o
 .debug_info    0x000000000000455b     0x16d8 _build/nrf52840_xxaa/system_nrf52840.c.o

.debug_abbrev   0x0000000000000000      0xce3
 .debug_abbrev  0x0000000000000000       0x14 _build/nrf52840_xxaa/gcc_startup_nrf52840.S.o
 .debug_abbrev  0x0000000000000014      0x16a _build/nrf52840_xxaa/main.c.o
 .debug_abbrev  0x000000000000017e      0x5c5 _build/nrf52840_xxaa/nrf_log_frontend.c.o
 .debug_abbrev  0x0000000000000743      0x345 _build/nrf52840_xxaa/boards.c.o
 .debug_abbrev  0x0000000000000a88      0x25b _build/nrf52840_xxaa/system_nrf52840.c.o

.debug_aranges  0x0000000000000000      0x1a0
 .debug_aranges
                0x0000000000000000       0x20 _build/nrf52840_xxaa/gcc_startup_nrf52840.S.o
 .debug_aranges
                0x0000000000000020       0x20 _build/nrf52840_xxaa/main.c.o
 .debug_aranges
                0x0000000000000040       0xc0 _build/nrf52840_xxaa/nrf_log_frontend.c.o
 .debug_aranges
                0x0000000000000100       0x78 _build/nrf52840_xxaa/boards.c.o
 .debug_aranges
                0x0000000000000178       0x28 _build/nrf52840_xxaa/system_nrf52840.c.o

.debug_str      0x0000000000000000    0x95705
 .debug_str     0x0000000000000000       0x8f _build/nrf52840_xxaa/gcc_startup_nrf52840.S.o
 .debug_str     0x000000000000008f    0x8f8ac _build/nrf52840_xxaa/main.c.o
                                      0x91ecc (size before relaxing)
 .debug_str     0x000000000008f93b     0x5163 _build/nrf52840_xxaa/nrf_log_frontend.c.o
                                      0x8ef46 (size before relaxing)
 .debug_str     0x0000000000094a9e      0x507 _build/nrf52840_xxaa/boards.c.o
                                      0x9236f (size before relaxing)
 .debug_str     0x0000000000094fa5      0x760 _build/nrf52840_xxaa/system_nrf52840.c.o
                                      0x75bfc (size before relaxing)

.debug_loc      0x0000000000000000     0x4131
 .debug_loc     0x0000000000000000       0x86 _build/nrf52840_xxaa/main.c.o
 .debug_loc     0x0000000000000086     0x32ea _build/nrf52840_xxaa/nrf_log_frontend.c.o
 .debug_loc     0x0000000000003370      0xc2f _build/nrf52840_xxaa/boards.c.o
 .debug_loc     0x0000000000003f9f      0x192 _build/nrf52840_xxaa/system_nrf52840.c.o

.debug_ranges   0x0000000000000000     0x1030
 .debug_ranges  0x0000000000000000       0x70 _build/nrf52840_xxaa/main.c.o
 .debug_ranges  0x0000000000000070      0x810 _build/nrf52840_xxaa/nrf_log_frontend.c.o
 .debug_ranges  0x0000000000000880      0x6f8 _build/nrf52840_xxaa/boards.c.o
 .debug_ranges  0x0000000000000f78       0xb8 _build/nrf52840_xxaa/system_nrf52840.c.o

.debug_macro    0x0000000000000000    0x19d17
 .debug_macro   0x0000000000000000      0x352 _build/nrf52840_xxaa/main.c.o
 .debug_macro   0x0000000000000352      0xa90 _build/nrf52840_xxaa/main.c.o
 .debug_macro   0x0000000000000de2       0x22 _build/nrf52840_xxaa/main.c.o
 .debug_macro   0x0000000000000e04       0x22 _build/nrf52840_xxaa/main.c.o
 .debug_macro   0x0000000000000e26       0x56 _build/nrf52840_xxaa/main.c.o
 .debug_macro   0x0000000000000e7c       0x51 _build/nrf52840_xxaa/main.c.o
 .debug_macro   0x0000000000000ecd      0x103 _build/nrf52840_xxaa/main.c.o
 .debug_macro   0x0000000000000fd0       0x6a _build/nrf52840_xxaa/main.c.o
 .debug_macro   0x000000000000103a      0x1df _build/nrf52840_xxaa/main.c.o
 .debug_macro   0x0000000000001219     0x1f77 _build/nrf52840_xxaa/main.c.o
 .debug_macro   0x0000000000003190      0x16d _build/nrf52840_xxaa/main.c.o
 .debug_macro   0x00000000000032fd       0x22 _build/nrf52840_xxaa/main.c.o
 .debug_macro   0x000000000000331f       0x3b _build/nrf52840_xxaa/main.c.o
 .debug_macro   0x000000000000335a       0x1c _build/nrf52840_xxaa/main.c.o
 .debug_macro   0x0000000000003376       0x22 _build/nrf52840_xxaa/main.c.o
 .debug_macro   0x0000000000003398       0xfb _build/nrf52840_xxaa/main.c.o
 .debug_macro   0x0000000000003493     0x1011 _build/nrf52840_xxaa/main.c.o
 .debug_macro   0x00000000000044a4      0x11f _build/nrf52840_xxaa/main.c.o
 .debug_macro   0x00000000000045c3      0x402 _build/nrf52840_xxaa/main.c.o
 .debug_macro   0x00000000000049c5    0x10cfd _build/nrf52840_xxaa/main.c.o
 .debug_macro   0x00000000000156c2      0xa65 _build/nrf52840_xxaa/main.c.o
 .debug_macro   0x0000000000016127       0x96 _build/nrf52840_xxaa/main.c.o
 .debug_macro   0x00000000000161bd       0x40 _build/nrf52840_xxaa/main.c.o
 .debug_macro   0x00000000000161fd      0x462 _build/nrf52840_xxaa/main.c.o
 .debug_macro   0x000000000001665f       0x59 _build/nrf52840_xxaa/main.c.o
 .debug_macro   0x00000000000166b8      0xe54 _build/nrf52840_xxaa/main.c.o
 .debug_macro   0x000000000001750c      0x14e _build/nrf52840_xxaa/main.c.o
 .debug_macro   0x000000000001765a       0x16 _build/nrf52840_xxaa/main.c.o
 .debug_macro   0x0000000000017670      0x16d _build/nrf52840_xxaa/main.c.o
 .debug_macro   0x00000000000177dd      0x7bc _build/nrf52840_xxaa/main.c.o
 .debug_macro   0x0000000000017f99       0x3f _build/nrf52840_xxaa/main.c.o
 .debug_macro   0x0000000000017fd8       0x64 _build/nrf52840_xxaa/main.c.o
 .debug_macro   0x000000000001803c       0x1e _build/nrf52840_xxaa/main.c.o
 .debug_macro   0x000000000001805a       0x35 _build/nrf52840_xxaa/main.c.o
 .debug_macro   0x000000000001808f       0x34 _build/nrf52840_xxaa/main.c.o
 .debug_macro   0x00000000000180c3       0x16 _build/nrf52840_xxaa/main.c.o
 .debug_macro   0x00000000000180d9       0x35 _build/nrf52840_xxaa/main.c.o
 .debug_macro   0x000000000001810e      0x35d _build/nrf52840_xxaa/main.c.o
 .debug_macro   0x000000000001846b       0x10 _build/nrf52840_xxaa/main.c.o
 .debug_macro   0x000000000001847b       0x16 _build/nrf52840_xxaa/main.c.o
 .debug_macro   0x0000000000018491       0x43 _build/nrf52840_xxaa/main.c.o
 .debug_macro   0x00000000000184d4       0x34 _build/nrf52840_xxaa/main.c.o
 .debug_macro   0x0000000000018508       0x10 _build/nrf52840_xxaa/main.c.o
 .debug_macro   0x0000000000018518       0x58 _build/nrf52840_xxaa/main.c.o
 .debug_macro   0x0000000000018570      0x182 _build/nrf52840_xxaa/main.c.o
 .debug_macro   0x00000000000186f2       0xbe _build/nrf52840_xxaa/main.c.o
 .debug_macro   0x00000000000187b0       0x16 _build/nrf52840_xxaa/main.c.o
 .debug_macro   0x00000000000187c6      0x129 _build/nrf52840_xxaa/main.c.o
 .debug_macro   0x00000000000188ef       0x8e _build/nrf52840_xxaa/main.c.o
 .debug_macro   0x000000000001897d       0xad _build/nrf52840_xxaa/main.c.o
 .debug_macro   0x0000000000018a2a       0x49 _build/nrf52840_xxaa/main.c.o
 .debug_macro   0x0000000000018a73       0x8c _build/nrf52840_xxaa/main.c.o
 .debug_macro   0x0000000000018aff       0x19 _build/nrf52840_xxaa/main.c.o
 .debug_macro   0x0000000000018b18       0x1d _build/nrf52840_xxaa/main.c.o
 .debug_macro   0x0000000000018b35       0x35 _build/nrf52840_xxaa/main.c.o
 .debug_macro   0x0000000000018b6a       0x7b _build/nrf52840_xxaa/main.c.o
 .debug_macro   0x0000000000018be5       0x64 _build/nrf52840_xxaa/main.c.o
 .debug_macro   0x0000000000018c49       0x20 _build/nrf52840_xxaa/main.c.o
 .debug_macro   0x0000000000018c69       0x22 _build/nrf52840_xxaa/main.c.o
 .debug_macro   0x0000000000018c8b       0xb8 _build/nrf52840_xxaa/main.c.o
 .debug_macro   0x0000000000018d43      0x16d _build/nrf52840_xxaa/main.c.o
 .debug_macro   0x0000000000018eb0      0x3e7 _build/nrf52840_xxaa/nrf_log_frontend.c.o
 .debug_macro   0x0000000000019297       0x10 _build/nrf52840_xxaa/nrf_log_frontend.c.o
 .debug_macro   0x00000000000192a7       0x5c _build/nrf52840_xxaa/nrf_log_frontend.c.o
 .debug_macro   0x0000000000019303       0x22 _build/nrf52840_xxaa/nrf_log_frontend.c.o
 .debug_macro   0x0000000000019325       0xe3 _build/nrf52840_xxaa/nrf_log_frontend.c.o
 .debug_macro   0x0000000000019408       0x55 _build/nrf52840_xxaa/nrf_log_frontend.c.o
 .debug_macro   0x000000000001945d       0x1c _build/nrf52840_xxaa/nrf_log_frontend.c.o
 .debug_macro   0x0000000000019479       0x31 _build/nrf52840_xxaa/nrf_log_frontend.c.o
 .debug_macro   0x00000000000194aa       0x16 _build/nrf52840_xxaa/nrf_log_frontend.c.o
 .debug_macro   0x00000000000194c0       0x55 _build/nrf52840_xxaa/nrf_log_frontend.c.o
 .debug_macro   0x0000000000019515      0x185 _build/nrf52840_xxaa/nrf_log_frontend.c.o
 .debug_macro   0x000000000001969a       0x9a _build/nrf52840_xxaa/nrf_log_frontend.c.o
 .debug_macro   0x0000000000019734       0x2e _build/nrf52840_xxaa/nrf_log_frontend.c.o
 .debug_macro   0x0000000000019762       0x16 _build/nrf52840_xxaa/nrf_log_frontend.c.o
 .debug_macro   0x0000000000019778       0x22 _build/nrf52840_xxaa/nrf_log_frontend.c.o
 .debug_macro   0x000000000001979a       0x9e _build/nrf52840_xxaa/nrf_log_frontend.c.o
 .debug_macro   0x0000000000019838       0x10 _build/nrf52840_xxaa/nrf_log_frontend.c.o
 .debug_macro   0x0000000000019848       0x1d _build/nrf52840_xxaa/nrf_log_frontend.c.o
 .debug_macro   0x0000000000019865       0x1c _build/nrf52840_xxaa/nrf_log_frontend.c.o
 .debug_macro   0x0000000000019881      0x348 _build/nrf52840_xxaa/boards.c.o
 .debug_macro   0x0000000000019bc9       0x1c _build/nrf52840_xxaa/boards.c.o
 .debug_macro   0x0000000000019be5      0x132 _build/nrf52840_xxaa/system_nrf52840.c.o

.debug_frame    0x0000000000000000      0x498
 .debug_frame   0x0000000000000000       0x2c _build/nrf52840_xxaa/main.c.o
 .debug_frame   0x000000000000002c      0x2c0 _build/nrf52840_xxaa/nrf_log_frontend.c.o
 .debug_frame   0x00000000000002ec       0xdc _build/nrf52840_xxaa/boards.c.o
 .debug_frame   0x00000000000003c8       0x3c _build/nrf52840_xxaa/system_nrf52840.c.o
 .debug_frame   0x0000000000000404       0x28 /home/jeff/gcc-arm-none-eabi-10.3-2021.07/bin/../lib/gcc/arm-none-eabi/10.3.1/../../../../arm-none-eabi/lib/thumb/v7e-m+fp/hard/libc_nano.a(lib_a-exit.o)
 .debug_frame   0x000000000000042c       0x2c /home/jeff/gcc-arm-none-eabi-10.3-2021.07/bin/../lib/gcc/arm-none-eabi/10.3.1/../../../../arm-none-eabi/lib/thumb/v7e-m+fp/hard/libc_nano.a(lib_a-init.o)
 .debug_frame   0x0000000000000458       0x20 /home/jeff/gcc-arm-none-eabi-10.3-2021.07/bin/../lib/gcc/arm-none-eabi/10.3.1/../../../../arm-none-eabi/lib/thumb/v7e-m+fp/hard/libc_nano.a(lib_a-memset.o)
 .debug_frame   0x0000000000000478       0x20 /home/jeff/gcc-arm-none-eabi-10.3-2021.07/bin/../lib/gcc/arm-none-eabi/10.3.1/../../../../arm-none-eabi/lib/thumb/v7e-m+fp/hard/libnosys.a(_exit.o)
